Archive member included to satisfy reference by file (symbol)

/usr/share/segger_embedded_studio_for_arm_4.20/lib/libc_v7em_fpv4_sp_d16_hard_t_le_eabi.a(libc_asm.o)
                              Output/usbd_msc_pca10056 Release/Obj/bsp.o (__aeabi_uldivmod)
/usr/share/segger_embedded_studio_for_arm_4.20/lib/libc_v7em_fpv4_sp_d16_hard_t_le_eabi.a(libc2.o)
                              Output/usbd_msc_pca10056 Release/Obj/app_usbd_msc.o (isxdigit)
/usr/share/segger_embedded_studio_for_arm_4.20/lib/libc_v7em_fpv4_sp_d16_hard_t_le_eabi.a(libc2_asm.o)
                              Output/usbd_msc_pca10056 Release/Obj/nrf_log_frontend.o (memcpy)
/usr/share/segger_embedded_studio_for_arm_4.20/lib/libc_v7em_fpv4_sp_d16_hard_t_le_eabi.a(libc.o)
                              /usr/share/segger_embedded_studio_for_arm_4.20/lib/libc_v7em_fpv4_sp_d16_hard_t_le_eabi.a(libc2.o) (__heap_lock)
/usr/share/segger_embedded_studio_for_arm_4.20/lib/libdebugio_v7em_fpv4_sp_d16_hard_t_le_eabi.a(libdebugio.o)
                              Output/usbd_msc_pca10056 Release/Obj/thumb_crt0.o (debug_fopen)
/usr/share/segger_embedded_studio_for_arm_4.20/lib/libdebugio_mempoll_v7em_fpv4_sp_d16_hard_t_le_eabi.a(mempoll_debug_operations.o)
                              /usr/share/segger_embedded_studio_for_arm_4.20/lib/libdebugio_v7em_fpv4_sp_d16_hard_t_le_eabi.a(libdebugio.o) (__do_debug_operation)
/usr/share/segger_embedded_studio_for_arm_4.20/lib/libdebugio_mempoll_v7em_fpv4_sp_d16_hard_t_le_eabi.a(do_nv_debug_operation.o)
                              /usr/share/segger_embedded_studio_for_arm_4.20/lib/libdebugio_v7em_fpv4_sp_d16_hard_t_le_eabi.a(libdebugio.o) (__do_nvdebug_operation)
/usr/share/segger_embedded_studio_for_arm_4.20/lib/libm_v7em_fpv4_sp_d16_hard_t_le_eabi.a(libm_asm.o)
                              /usr/share/segger_embedded_studio_for_arm_4.20/lib/libc_v7em_fpv4_sp_d16_hard_t_le_eabi.a(libc2.o) (__aeabi_i2d)
/usr/share/segger_embedded_studio_for_arm_4.20/lib/libm_v7em_fpv4_sp_d16_hard_t_le_eabi.a(libm2.o)
                              /usr/share/segger_embedded_studio_for_arm_4.20/lib/libvfprintf_v7em_fpv4_sp_d16_hard_t_le_eabi.o (frexp)
/usr/share/segger_embedded_studio_for_arm_4.20/lib/libm_v7em_fpv4_sp_d16_hard_t_le_eabi.a(libm2_asm.o)
                              /usr/share/segger_embedded_studio_for_arm_4.20/lib/libm_v7em_fpv4_sp_d16_hard_t_le_eabi.a(libm2.o) (fabs)

Discarded input sections

 .text          0x0000000000000000        0x0 Output/usbd_msc_pca10056 Release/Obj/thumb_crt0.o
 .data          0x0000000000000000        0x0 Output/usbd_msc_pca10056 Release/Obj/thumb_crt0.o
 .bss           0x0000000000000000        0x0 Output/usbd_msc_pca10056 Release/Obj/thumb_crt0.o
 .text.__aeabi_read_tp
                0x0000000000000000        0x8 Output/usbd_msc_pca10056 Release/Obj/thumb_crt0.o
 .text.abort    0x0000000000000000        0x2 Output/usbd_msc_pca10056 Release/Obj/thumb_crt0.o
 .text.__assert
                0x0000000000000000        0x2 Output/usbd_msc_pca10056 Release/Obj/thumb_crt0.o
 .text.__aeabi_assert
                0x0000000000000000        0x2 Output/usbd_msc_pca10056 Release/Obj/thumb_crt0.o
 .text.__sync_synchronize
                0x0000000000000000        0x2 Output/usbd_msc_pca10056 Release/Obj/thumb_crt0.o
 .text.__getchar
                0x0000000000000000        0x4 Output/usbd_msc_pca10056 Release/Obj/thumb_crt0.o
 .text.__putchar
                0x0000000000000000        0x4 Output/usbd_msc_pca10056 Release/Obj/thumb_crt0.o
 .text.__open   0x0000000000000000        0x4 Output/usbd_msc_pca10056 Release/Obj/thumb_crt0.o
 .text.__close  0x0000000000000000        0x4 Output/usbd_msc_pca10056 Release/Obj/thumb_crt0.o
 .text.__write  0x0000000000000000        0xa Output/usbd_msc_pca10056 Release/Obj/thumb_crt0.o
 .text.__read   0x0000000000000000        0xa Output/usbd_msc_pca10056 Release/Obj/thumb_crt0.o
 .text.__seek   0x0000000000000000       0x1a Output/usbd_msc_pca10056 Release/Obj/thumb_crt0.o
 .bss.__user_locale_name_buffer
                0x0000000000000000        0x4 Output/usbd_msc_pca10056 Release/Obj/thumb_crt0.o
 .stack         0x0000000000000000        0x0 Output/usbd_msc_pca10056 Release/Obj/thumb_crt0.o
 .stack_process
                0x0000000000000000        0x0 Output/usbd_msc_pca10056 Release/Obj/thumb_crt0.o
 .heap          0x0000000000000000        0x0 Output/usbd_msc_pca10056 Release/Obj/thumb_crt0.o
 .group         0x0000000000000000        0xc Output/usbd_msc_pca10056 Release/Obj/nrf_log_backend_rtt.o
 .group         0x0000000000000000        0xc Output/usbd_msc_pca10056 Release/Obj/nrf_log_backend_rtt.o
 .group         0x0000000000000000        0xc Output/usbd_msc_pca10056 Release/Obj/nrf_log_backend_rtt.o
 .group         0x0000000000000000        0xc Output/usbd_msc_pca10056 Release/Obj/nrf_log_backend_rtt.o
 .group         0x0000000000000000        0xc Output/usbd_msc_pca10056 Release/Obj/nrf_log_backend_rtt.o
[...]
Memory Configuration

Name             Origin             Length             Attributes
UNPLACED_SECTIONS 0x0000000100000000 0x0000000000000000 xw
RAM              0x0000000020000000 0x0000000000040000 xw
FLASH            0x0000000000000000 0x0000000000100000 xw
*default*        0x0000000000000000 0xffffffffffffffff

Linker script and memory map

                0x000000000000ae3c                __vfprintf = __vfprintf_long
                0x0000000000000000                __vfscanf = __vfscanf_long
                0x0000000020000000                __RAM_segment_start__ = 0x20000000
                0x0000000020040000                __RAM_segment_end__ = 0x20040000
                0x0000000000040000                __RAM_segment_size__ = 0x40000
                0x0000000000000000                __FLASH_segment_start__ = 0x0
                0x0000000000100000                __FLASH_segment_end__ = 0x100000
                0x0000000000100000                __FLASH_segment_size__ = 0x100000
                0x0000000000002000                __HEAPSIZE__ = 0x2000
                0x0000000000000000                __STACKSIZE_PROCESS__ = 0x0
                0x0000000000002000                __STACKSIZE__ = 0x2000
                0x0000000020000000                __vectors_ram_load_start__ = 0x20000000

.vectors_ram    0x0000000020000000        0x0
                0x0000000020000000                __vectors_ram_start__ = .
                0x0000000020000000                __app_ram_start__ = __vectors_ram_start__
 *(.vectors_ram .vectors_ram.*)
                0x0000000020000000                __vectors_ram_end__ = (__vectors_ram_start__ + SIZEOF (.vectors_ram))
                0x0000000000000000                __vectors_ram_size__ = SIZEOF (.vectors_ram)
                0x0000000020000000                __vectors_ram_load_end__ = __vectors_ram_end__
                0x0000000000000001                . = ASSERT (((__vectors_ram_start__ == __vectors_ram_end__) || ((__vectors_ram_end__ - __RAM_segment_start__) <= __RAM_segment_size__)), error: .vectors_ram is too large to fit in RAM memory segment)
                0x0000000020000000                __nrf_sections_run_load_start__ = ALIGN (__vectors_ram_end__, 0x4)

.nrf_sections_run
                0x0000000020000000        0x0
                0x0000000020000000                __nrf_sections_run_start__ = .
                0x0000000020000000                __start_nrf_sections_run = __nrf_sections_run_start__
 *(.nrf_sections_run .nrf_sections_run.*)
                0x0000000020000000                __nrf_sections_run_end__ = (__nrf_sections_run_start__ + SIZEOF (.nrf_sections_run))
                0x0000000000000000                __nrf_sections_run_size__ = SIZEOF (.nrf_sections_run)
                0x0000000020000000                __nrf_sections_run_load_end__ = __nrf_sections_run_end__
                0x0000000000000001                . = ASSERT (((__nrf_sections_run_start__ == __nrf_sections_run_end__) || ((__nrf_sections_run_end__ - __RAM_segment_start__) <= __RAM_segment_size__)), error: .nrf_sections_run is too large to fit in RAM memory segment)
                0x0000000000000000                __vectors_load_start__ = 0x0

.vectors        0x0000000000000000      0x200
                0x0000000000000000                __vectors_start__ = .
 *(.vectors .vectors.*)
 .vectors       0x0000000000000000      0x200 Output/usbd_msc_pca10056 Release/Obj/ses_startup_nrf52840.o
                0x0000000000000000                _vectors
                0x0000000000000200                __vectors_end__ = (__vectors_start__ + SIZEOF (.vectors))
                0x0000000000000200                __vectors_size__ = SIZEOF (.vectors)
                0x0000000000000200                __vectors_load_end__ = __vectors_end__
                0x0000000000000001                . = ASSERT (((__vectors_start__ == __vectors_end__) || ((__vectors_end__ - __FLASH_segment_start__) <= __FLASH_segment_size__)), error: .vectors is too large to fit in FLASH memory segment)
                0x0000000000000200                __init_load_start__ = ALIGN (__vectors_end__, 0x4)

.init           0x0000000000000200      0x1d4
                0x0000000000000200                __init_start__ = .
 *(.init .init.*)
 .init          0x0000000000000200      0x15c Output/usbd_msc_pca10056 Release/Obj/thumb_crt0.o
                0x0000000000000200                _start
                0x00000000000002b4                exit
 .init          0x000000000000035c       0x18 Output/usbd_msc_pca10056 Release/Obj/ses_startup_nrf52840.o
                0x000000000000035c                NMI_Handler
                0x0000000000000360                MemoryManagement_Handler
                0x0000000000000362                BusFault_Handler
                0x0000000000000364                UsageFault_Handler
                0x0000000000000366                SVC_Handler
                0x0000000000000368                DebugMon_Handler
                0x000000000000036a                PendSV_Handler
                0x000000000000036c                SysTick_Handler
                0x000000000000036e                TIMER2_IRQHandler
                0x000000000000036e                RTC0_IRQHandler
                0x000000000000036e                SWI2_EGU2_IRQHandler
                0x000000000000036e                PWM1_IRQHandler
                0x000000000000036e                RADIO_IRQHandler
                0x000000000000036e                PDM_IRQHandler
                0x000000000000036e                TEMP_IRQHandler
                0x000000000000036e                QDEC_IRQHandler
                0x000000000000036e                TIMER3_IRQHandler
                0x000000000000036e                PWM3_IRQHandler
                0x000000000000036e                FPU_IRQHandler
                0x000000000000036e                TIMER4_IRQHandler
                0x000000000000036e                CRYPTOCELL_IRQHandler
                0x000000000000036e                I2S_IRQHandler
                0x000000000000036e                SWI4_EGU4_IRQHandler
                0x000000000000036e                TIMER0_IRQHandler
                0x000000000000036e                UARTE1_IRQHandler
                0x000000000000036e                Dummy_Handler
                0x000000000000036e                TIMER1_IRQHandler
                0x000000000000036e                SPIM3_IRQHandler
                0x000000000000036e                PWM2_IRQHandler
                0x000000000000036e                ECB_IRQHandler
                0x000000000000036e                SPIM1_SPIS1_TWIM1_TWIS1_SPI1_TWI1_IRQHandler
                0x000000000000036e                SAADC_IRQHandler
                0x000000000000036e                CCM_AAR_IRQHandler
                0x000000000000036e                WDT_IRQHandler
                0x000000000000036e                SWI5_EGU5_IRQHandler
                0x000000000000036e                RNG_IRQHandler
                0x000000000000036e                RTC2_IRQHandler
                0x000000000000036e                PWM0_IRQHandler
                0x000000000000036e                SWI3_EGU3_IRQHandler
                0x000000000000036e                SWI1_EGU1_IRQHandler
                0x000000000000036e                SPIM2_SPIS2_SPI2_IRQHandler
                0x000000000000036e                NFCT_IRQHandler
                0x000000000000036e                MWU_IRQHandler
                0x000000000000036e                COMP_LPCOMP_IRQHandler
                0x0000000000000370                nRFInitialize
 .init          0x0000000000000374       0x60 Output/usbd_msc_pca10056 Release/Obj/ses_startup_nrf_common.o
                0x0000000000000374                Reset_Handler
                0x000000000000039c                InitializeUserMemorySections
                0x00000000000003d4                __init_end__ = (__init_start__ + SIZEOF (.init))
                0x00000000000001d4                __init_size__ = SIZEOF (.init)
                0x00000000000003d4                __init_load_end__ = __init_end__
                0x0000000000000001                . = ASSERT (((__init_start__ == __init_end__) || ((__init_end__ - __FLASH_segment_start__) <= __FLASH_segment_size__)), error: .init is too large to fit in FLASH memory segment)
                0x00000000000003d4                __init_rodata_load_start__ = ALIGN (__init_end__, 0x4)

.init_rodata    0x00000000000003d4        0x0
                0x00000000000003d4                __init_rodata_start__ = .
 *(.init_rodata .init_rodata.*)
                0x00000000000003d4                __init_rodata_end__ = (__init_rodata_start__ + SIZEOF (.init_rodata))
                0x0000000000000000                __init_rodata_size__ = SIZEOF (.init_rodata)
                0x00000000000003d4                __init_rodata_load_end__ = __init_rodata_end__
                0x0000000000000001                . = ASSERT (((__init_rodata_start__ == __init_rodata_end__) || ((__init_rodata_end__ - __FLASH_segment_start__) <= __FLASH_segment_size__)), error: .init_rodata is too large to fit in FLASH memory segment)
                0x00000000000003d4                __text_load_start__ = ALIGN (__init_rodata_end__, 0x4)

.text           0x00000000000003d4     0xb1ac
                0x00000000000003d4                __text_start__ = .
 *(.text .text.* .glue_7t .glue_7 .gnu.linkonce.t.* .gcc_except_table .ARM.extab* .gnu.linkonce.armextab.*)
 .glue_7        0x00000000000003d4        0x0 linker stubs
 .glue_7t       0x00000000000003d4        0x0 linker stubs
 .text.nrf_log_backend_serial_put
                0x00000000000003d4       0xc0 Output/usbd_msc_pca10056 Release/Obj/nrf_log_backend_serial.o
                0x00000000000003d4                nrf_log_backend_serial_put
 .text.uart_evt_handler
                0x0000000000000494        0xc Output/usbd_msc_pca10056 Release/Obj/nrf_log_backend_uart.o
 .text.nrf_log_backend_uart_flush
                0x00000000000004a0        0x2 Output/usbd_msc_pca10056 Release/Obj/nrf_log_backend_uart.o
 *fill*         0x00000000000004a2        0x2 
 .text.uart_init
                0x00000000000004a4       0x54 Output/usbd_msc_pca10056 Release/Obj/nrf_log_backend_uart.o
 .text.nrf_log_backend_uart_put
                0x00000000000004f8       0x1c Output/usbd_msc_pca10056 Release/Obj/nrf_log_backend_uart.o
 .text.serial_tx
                0x0000000000000514       0x50 Output/usbd_msc_pca10056 Release/Obj/nrf_log_backend_uart.o
 .text.nrf_log_backend_uart_panic_set
                0x0000000000000564       0x2c Output/usbd_msc_pca10056 Release/Obj/nrf_log_backend_uart.o
 .text.nrf_log_backend_uart_init
                0x0000000000000590        0x6 Output/usbd_msc_pca10056 Release/Obj/nrf_log_backend_uart.o
                0x0000000000000590                nrf_log_backend_uart_init
 *fill*         0x0000000000000596        0x2 
 .text.nrf_log_default_backends_init
                0x0000000000000598       0x30 Output/usbd_msc_pca10056 Release/Obj/nrf_log_default_backends.o
                0x0000000000000598                nrf_log_default_backends_init
 .text.invalid_packets_omit
                0x00000000000005c8       0x3a Output/usbd_msc_pca10056 Release/Obj/nrf_log_frontend.o
 *fill*         0x0000000000000602        0x2 
 .text.buf_prealloc
                0x0000000000000604      0x128 Output/usbd_msc_pca10056 Release/Obj/nrf_log_frontend.o
 .text.nrf_log_init
                0x000000000000072c       0x4c Output/usbd_msc_pca10056 Release/Obj/nrf_log_frontend.o
                0x000000000000072c                nrf_log_init
 .text.nrf_log_module_name_get
                0x0000000000000778       0x38 Output/usbd_msc_pca10056 Release/Obj/nrf_log_frontend.o
                0x0000000000000778                nrf_log_module_name_get
 .text.nrf_log_color_id_get
                0x00000000000007b0       0x2c Output/usbd_msc_pca10056 Release/Obj/nrf_log_frontend.o
                0x00000000000007b0                nrf_log_color_id_get
 .text.buffer_is_empty
                0x00000000000007dc       0x14 Output/usbd_msc_pca10056 Release/Obj/nrf_log_frontend.o
                0x00000000000007dc                buffer_is_empty
 .text.nrf_log_frontend_dequeue
                0x00000000000007f0      0x228 Output/usbd_msc_pca10056 Release/Obj/nrf_log_frontend.o
                0x00000000000007f0                nrf_log_frontend_dequeue
 .text.std_n    0x0000000000000a18       0xe8 Output/usbd_msc_pca10056 Release/Obj/nrf_log_frontend.o
 .text.nrf_log_frontend_std_0
                0x0000000000000b00        0x8 Output/usbd_msc_pca10056 Release/Obj/nrf_log_frontend.o
                0x0000000000000b00                nrf_log_frontend_std_0
 .text.nrf_log_frontend_std_1
                0x0000000000000b08       0x12 Output/usbd_msc_pca10056 Release/Obj/nrf_log_frontend.o
                0x0000000000000b08                nrf_log_frontend_std_1
 .text.nrf_log_frontend_std_2
                0x0000000000000b1a       0x14 Output/usbd_msc_pca10056 Release/Obj/nrf_log_frontend.o
                0x0000000000000b1a                nrf_log_frontend_std_2
 .text.nrf_log_frontend_std_3
                0x0000000000000b2e       0x18 Output/usbd_msc_pca10056 Release/Obj/nrf_log_frontend.o
                0x0000000000000b2e                nrf_log_frontend_std_3
 .text.nrf_log_frontend_std_4
                0x0000000000000b46       0x1c Output/usbd_msc_pca10056 Release/Obj/nrf_log_frontend.o
                0x0000000000000b46                nrf_log_frontend_std_4
 .text.nrf_log_frontend_std_5
                0x0000000000000b62       0x20 Output/usbd_msc_pca10056 Release/Obj/nrf_log_frontend.o
                0x0000000000000b62                nrf_log_frontend_std_5
 *fill*         0x0000000000000b82        0x2 
 .text.nrf_log_backend_add
                0x0000000000000b84       0x44 Output/usbd_msc_pca10056 Release/Obj/nrf_log_frontend.o
                0x0000000000000b84                nrf_log_backend_add
 .text.nrf_log_panic
                0x0000000000000bc8       0x2c Output/usbd_msc_pca10056 Release/Obj/nrf_log_frontend.o
                0x0000000000000bc8                nrf_log_panic
 .text.postfix_process
                0x0000000000000bf4       0x3c Output/usbd_msc_pca10056 Release/Obj/nrf_log_str_formatter.o
 .text.prefix_process
                0x0000000000000c30       0xd8 Output/usbd_msc_pca10056 Release/Obj/nrf_log_str_formatter.o
 .text.nrf_log_std_entry_process
                0x0000000000000d08       0xc8 Output/usbd_msc_pca10056 Release/Obj/nrf_log_str_formatter.o
                0x0000000000000d08                nrf_log_std_entry_process
 .text.nrf_log_hexdump_entry_process
                0x0000000000000dd0       0xb4 Output/usbd_msc_pca10056 Release/Obj/nrf_log_str_formatter.o
                0x0000000000000dd0                nrf_log_hexdump_entry_process
 .text.nrf_log_str_formatter_timestamp_freq_set
                0x0000000000000e84       0x30 Output/usbd_msc_pca10056 Release/Obj/nrf_log_str_formatter.o
                0x0000000000000e84                nrf_log_str_formatter_timestamp_freq_set
 .text.nrf_gpio_pin_port_decode
                0x0000000000000eb4       0x30 Output/usbd_msc_pca10056 Release/Obj/boards.o
 .text.bsp_board_led_state_get
                0x0000000000000ee4       0x38 Output/usbd_msc_pca10056 Release/Obj/boards.o
                0x0000000000000ee4                bsp_board_led_state_get
 .text.bsp_board_led_on
                0x0000000000000f1c       0x34 Output/usbd_msc_pca10056 Release/Obj/boards.o
                0x0000000000000f1c                bsp_board_led_on
 .text.bsp_board_led_off
                0x0000000000000f50       0x34 Output/usbd_msc_pca10056 Release/Obj/boards.o
                0x0000000000000f50                bsp_board_led_off
 .text.bsp_board_leds_off
                0x0000000000000f84       0x1e Output/usbd_msc_pca10056 Release/Obj/boards.o
                0x0000000000000f84                bsp_board_leds_off
 .text.bsp_board_leds_on
                0x0000000000000fa2       0x1e Output/usbd_msc_pca10056 Release/Obj/boards.o
                0x0000000000000fa2                bsp_board_leds_on
 .text.bsp_board_led_invert
                0x0000000000000fc0       0x40 Output/usbd_msc_pca10056 Release/Obj/boards.o
                0x0000000000000fc0                bsp_board_led_invert
 .text.bsp_board_pin_to_button_idx
                0x0000000000001000       0x24 Output/usbd_msc_pca10056 Release/Obj/boards.o
                0x0000000000001000                bsp_board_pin_to_button_idx
 .text.bsp_board_init
                0x0000000000001024       0x60 Output/usbd_msc_pca10056 Release/Obj/boards.o
                0x0000000000001024                bsp_board_init
 .text.detection_delay_timeout_handler
                0x0000000000001084       0xfc Output/usbd_msc_pca10056 Release/Obj/app_button.o
 .text.gpiote_event_handler
                0x0000000000001180       0x98 Output/usbd_msc_pca10056 Release/Obj/app_button.o
 .text.app_button_init
                0x0000000000001218       0xa8 Output/usbd_msc_pca10056 Release/Obj/app_button.o
                0x0000000000001218                app_button_init
 .text.app_button_enable
                0x00000000000012c0       0x3c Output/usbd_msc_pca10056 Release/Obj/app_button.o
                0x00000000000012c0                app_button_enable
 .text.app_error_save_and_stop
                0x00000000000012fc       0x58 Output/usbd_msc_pca10056 Release/Obj/app_error.o
                0x00000000000012fc                app_error_save_and_stop
 .text.app_error_handler
                0x0000000000001354       0x1a Output/usbd_msc_pca10056 Release/Obj/app_error_handler_gcc.o
                0x0000000000001354                app_error_handler
 *fill*         0x000000000000136e        0x2 
 .text.app_error_fault_handler
                0x0000000000001370       0xb0 Output/usbd_msc_pca10056 Release/Obj/app_error_weak.o
                0x0000000000001370                app_error_fault_handler
 .text.user_op_alloc
                0x0000000000001420       0x2c Output/usbd_msc_pca10056 Release/Obj/app_timer.o
 .text.timer_stop_op_schedule
                0x000000000000144c       0x48 Output/usbd_msc_pca10056 Release/Obj/app_timer.o
 .text.nrfx_coredep_delay_us.part.0.constprop.4
                0x0000000000001494       0x10 Output/usbd_msc_pca10056 Release/Obj/app_timer.o
 .text.rtc1_stop
                0x00000000000014a4       0x44 Output/usbd_msc_pca10056 Release/Obj/app_timer.o
 .text.RTC1_IRQHandler
                0x00000000000014e8       0x9c Output/usbd_msc_pca10056 Release/Obj/app_timer.o
                0x00000000000014e8                RTC1_IRQHandler
 .text.SWI0_EGU0_IRQHandler
                0x0000000000001584      0x2b8 Output/usbd_msc_pca10056 Release/Obj/app_timer.o
                0x0000000000001584                SWI0_EGU0_IRQHandler
 .text.app_timer_init
                0x000000000000183c       0x60 Output/usbd_msc_pca10056 Release/Obj/app_timer.o
                0x000000000000183c                app_timer_init
 .text.app_timer_create
                0x000000000000189c       0x24 Output/usbd_msc_pca10056 Release/Obj/app_timer.o
                0x000000000000189c                app_timer_create
 .text.app_timer_start
                0x00000000000018c0       0x84 Output/usbd_msc_pca10056 Release/Obj/app_timer.o
                0x00000000000018c0                app_timer_start
 .text.app_timer_stop
                0x0000000000001944       0x20 Output/usbd_msc_pca10056 Release/Obj/app_timer.o
                0x0000000000001944                app_timer_stop
 .text.user_event_state_proc
                0x0000000000001964       0x10 Output/usbd_msc_pca10056 Release/Obj/app_usbd.o
 .text.app_usbd_core_handler_call
                0x0000000000001974       0x10 Output/usbd_msc_pca10056 Release/Obj/app_usbd.o
 .text.app_usbd_class_iface_ep_get
                0x0000000000001984       0x28 Output/usbd_msc_pca10056 Release/Obj/app_usbd.o
 .text.app_usbd_class_iface_get
                0x00000000000019ac       0x28 Output/usbd_msc_pca10056 Release/Obj/app_usbd.o
 .text.class_event_handler
                0x00000000000019d4       0x44 Output/usbd_msc_pca10056 Release/Obj/app_usbd.o
 .text.app_usbd_class_next_get
                0x0000000000001a18       0x1c Output/usbd_msc_pca10056 Release/Obj/app_usbd.o
 .text.app_usbd_ep_conf_access
                0x0000000000001a34       0x44 Output/usbd_msc_pca10056 Release/Obj/app_usbd.o
 .text.app_usbd_ep_instance_set
                0x0000000000001a78       0x30 Output/usbd_msc_pca10056 Release/Obj/app_usbd.o
 .text.sustate_set
                0x0000000000001aa8       0x80 Output/usbd_msc_pca10056 Release/Obj/app_usbd.o
 .text.app_usbd_event_add
                0x0000000000001b28       0xfc Output/usbd_msc_pca10056 Release/Obj/app_usbd.o
 .text.app_usbd_event_handler
                0x0000000000001c24        0x4 Output/usbd_msc_pca10056 Release/Obj/app_usbd.o
 .text.app_usbd_power_event_handler
                0x0000000000001c28       0x34 Output/usbd_msc_pca10056 Release/Obj/app_usbd.o
 .text.app_usbd_hfclk_ready
                0x0000000000001c5c       0x20 Output/usbd_msc_pca10056 Release/Obj/app_usbd.o
 .text.app_usbd_class_descriptor_find
                0x0000000000001c7c       0xac Output/usbd_msc_pca10056 Release/Obj/app_usbd.o
                0x0000000000001c7c                app_usbd_class_descriptor_find
 .text.app_usbd_sof_timestamp_get
                0x0000000000001d28        0xc Output/usbd_msc_pca10056 Release/Obj/app_usbd.o
                0x0000000000001d28                app_usbd_sof_timestamp_get
 .text.app_usbd_init
                0x0000000000001d34      0x100 Output/usbd_msc_pca10056 Release/Obj/app_usbd.o
                0x0000000000001d34                app_usbd_init
 .text.app_usbd_power_events_enable
                0x0000000000001e34       0x3c Output/usbd_msc_pca10056 Release/Obj/app_usbd.o
                0x0000000000001e34                app_usbd_power_events_enable
 .text.app_usbd_enable
                0x0000000000001e70        0x4 Output/usbd_msc_pca10056 Release/Obj/app_usbd.o
                0x0000000000001e70                app_usbd_enable
 .text.app_usbd_disable
                0x0000000000001e74       0x20 Output/usbd_msc_pca10056 Release/Obj/app_usbd.o
                0x0000000000001e74                app_usbd_disable
 .text.app_usbd_start
                0x0000000000001e94       0x3c Output/usbd_msc_pca10056 Release/Obj/app_usbd.o
                0x0000000000001e94                app_usbd_start
 .text.app_usbd_stop
                0x0000000000001ed0       0x14 Output/usbd_msc_pca10056 Release/Obj/app_usbd.o
                0x0000000000001ed0                app_usbd_stop
 .text.app_usbd_class_append
                0x0000000000001ee4      0x100 Output/usbd_msc_pca10056 Release/Obj/app_usbd.o
                0x0000000000001ee4                app_usbd_class_append
 .text.app_usbd_class_rwu_enabled_check
                0x0000000000001fe4       0x10 Output/usbd_msc_pca10056 Release/Obj/app_usbd.o
                0x0000000000001fe4                app_usbd_class_rwu_enabled_check
 .text.app_usbd_ep_enable
                0x0000000000001ff4       0x1c Output/usbd_msc_pca10056 Release/Obj/app_usbd.o
                0x0000000000001ff4                app_usbd_ep_enable
 .text.app_usbd_ep_disable
                0x0000000000002010        0x4 Output/usbd_msc_pca10056 Release/Obj/app_usbd.o
                0x0000000000002010                app_usbd_ep_disable
 .text.app_usbd_class_first_get
                0x0000000000002014        0xc Output/usbd_msc_pca10056 Release/Obj/app_usbd.o
                0x0000000000002014                app_usbd_class_first_get
 .text.app_usbd_iface_find
                0x0000000000002020       0x44 Output/usbd_msc_pca10056 Release/Obj/app_usbd.o
                0x0000000000002020                app_usbd_iface_find
 .text.app_usbd_iface_call
                0x0000000000002064        0x6 Output/usbd_msc_pca10056 Release/Obj/app_usbd.o
                0x0000000000002064                app_usbd_iface_call
 .text.app_usbd_ep_call
                0x000000000000206a       0x22 Output/usbd_msc_pca10056 Release/Obj/app_usbd.o
                0x000000000000206a                app_usbd_ep_call
 .text.app_usbd_all_call
                0x000000000000208c       0x24 Output/usbd_msc_pca10056 Release/Obj/app_usbd.o
                0x000000000000208c                app_usbd_all_call
 .text.app_usbd_all_until_served_call
                0x00000000000020b0       0x28 Output/usbd_msc_pca10056 Release/Obj/app_usbd.o
                0x00000000000020b0                app_usbd_all_until_served_call
 .text.app_usbd_ep_transfer
                0x00000000000020d8       0x28 Output/usbd_msc_pca10056 Release/Obj/app_usbd.o
                0x00000000000020d8                app_usbd_ep_transfer
 .text.app_usbd_ep_handled_transfer
                0x0000000000002100       0x28 Output/usbd_msc_pca10056 Release/Obj/app_usbd.o
                0x0000000000002100                app_usbd_ep_handled_transfer
 .text.app_usbd_iface_select
                0x0000000000002128       0x58 Output/usbd_msc_pca10056 Release/Obj/app_usbd.o
                0x0000000000002128                app_usbd_iface_select
 .text.app_usbd_iface_deselect
                0x0000000000002180       0x48 Output/usbd_msc_pca10056 Release/Obj/app_usbd.o
                0x0000000000002180                app_usbd_iface_deselect
 .text.app_usbd_iface_selection_get
                0x00000000000021c8        0xc Output/usbd_msc_pca10056 Release/Obj/app_usbd.o
                0x00000000000021c8                app_usbd_iface_selection_get
 .text.app_usbd_all_iface_select_0
                0x00000000000021d4       0x40 Output/usbd_msc_pca10056 Release/Obj/app_usbd.o
                0x00000000000021d4                app_usbd_all_iface_select_0
 .text.app_usbd_all_iface_deselect
                0x0000000000002214       0x2c Output/usbd_msc_pca10056 Release/Obj/app_usbd.o
                0x0000000000002214                app_usbd_all_iface_deselect
 .text.app_usbd_event_execute
                0x0000000000002240      0x250 Output/usbd_msc_pca10056 Release/Obj/app_usbd.o
                0x0000000000002240                app_usbd_event_execute
 .text.app_usbd_event_queue_process
                0x0000000000002490       0xa0 Output/usbd_msc_pca10056 Release/Obj/app_usbd.o
                0x0000000000002490                app_usbd_event_queue_process
 .text.setup_data_handler_empty
                0x0000000000002530        0x4 Output/usbd_msc_pca10056 Release/Obj/app_usbd_core.o
 .text.app_usbd_class_next_get
                0x0000000000002534       0x1c Output/usbd_msc_pca10056 Release/Obj/app_usbd_core.o
 .text.usbd_descriptor_conf_feeder
                0x0000000000002550      0x100 Output/usbd_msc_pca10056 Release/Obj/app_usbd_core.o
 .text.usbd_core_state_set
                0x0000000000002650       0x30 Output/usbd_msc_pca10056 Release/Obj/app_usbd_core.o
 .text.app_usbd_core_ep0_enable
                0x0000000000002680       0x12 Output/usbd_msc_pca10056 Release/Obj/app_usbd_core.o
                0x0000000000002680                app_usbd_core_ep0_enable
 .text.app_usbd_core_ep0_disable
                0x0000000000002692       0x12 Output/usbd_msc_pca10056 Release/Obj/app_usbd_core.o
                0x0000000000002692                app_usbd_core_ep0_disable
 .text.app_usbd_core_setup_data_handler_set
                0x00000000000026a4       0x24 Output/usbd_msc_pca10056 Release/Obj/app_usbd_core.o
                0x00000000000026a4                app_usbd_core_setup_data_handler_set
 .text.app_usbd_core_setup_rsp
                0x00000000000026c8       0x60 Output/usbd_msc_pca10056 Release/Obj/app_usbd_core.o
                0x00000000000026c8                app_usbd_core_setup_rsp
 .text.app_usbd_core_event_handler
                0x0000000000002728      0x504 Output/usbd_msc_pca10056 Release/Obj/app_usbd_core.o
 .text.app_usbd_core_setup_transfer_buff_get
                0x0000000000002c2c       0x10 Output/usbd_msc_pca10056 Release/Obj/app_usbd_core.o
                0x0000000000002c2c                app_usbd_core_setup_transfer_buff_get
 .text.uint32_decode
                0x0000000000002c3c        0x4 Output/usbd_msc_pca10056 Release/Obj/app_usbd_msc.o
 .text.app_usbd_class_iface_get
                0x0000000000002c40       0x28 Output/usbd_msc_pca10056 Release/Obj/app_usbd_msc.o
 .text.app_usbd_class_iface_ep_get
                0x0000000000002c68       0x28 Output/usbd_msc_pca10056 Release/Obj/app_usbd_msc.o
 .text.ep_in_addr_get
                0x0000000000002c90       0x12 Output/usbd_msc_pca10056 Release/Obj/app_usbd_msc.o
 .text.ep_out_addr_get
                0x0000000000002ca2       0x12 Output/usbd_msc_pca10056 Release/Obj/app_usbd_msc.o
 .text.msc_feed_descriptors
                0x0000000000002cb4      0x328 Output/usbd_msc_pca10056 Release/Obj/app_usbd_msc.o
 .text.msc_ctx_get
                0x0000000000002fdc       0x24 Output/usbd_msc_pca10056 Release/Obj/app_usbd_msc.o
 .text.nrf_blk_dev_ioctl
                0x0000000000003000       0x2c Output/usbd_msc_pca10056 Release/Obj/app_usbd_msc.o
 .text.nrf_blk_dev_geometry
                0x000000000000302c       0x24 Output/usbd_msc_pca10056 Release/Obj/app_usbd_msc.o
 .text.msc_buff_put
                0x0000000000003050       0x54 Output/usbd_msc_pca10056 Release/Obj/app_usbd_msc.o
 .text.msc_buff_free
                0x00000000000030a4       0x68 Output/usbd_msc_pca10056 Release/Obj/app_usbd_msc.o
 .text.msc_get.part.3
                0x000000000000310c        0xc Output/usbd_msc_pca10056 Release/Obj/app_usbd_msc.o
 .text.transfer_in_start
                0x0000000000003118       0x38 Output/usbd_msc_pca10056 Release/Obj/app_usbd_msc.o
 .text.csw_wait_start
                0x0000000000003150       0x5c Output/usbd_msc_pca10056 Release/Obj/app_usbd_msc.o
 .text.cbw_wait_start
                0x00000000000031ac       0x42 Output/usbd_msc_pca10056 Release/Obj/app_usbd_msc.o
 .text.status_generic_error_stall
                0x00000000000031ee       0x40 Output/usbd_msc_pca10056 Release/Obj/app_usbd_msc.o
 .text.msc_blockdev_done_process.isra.4
                0x000000000000322e       0x40 Output/usbd_msc_pca10056 Release/Obj/app_usbd_msc.o
 .text.status_unsupported_start
                0x000000000000326e       0x30 Output/usbd_msc_pca10056 Release/Obj/app_usbd_msc.o
 .text.msc_buff_get
                0x000000000000329e       0x32 Output/usbd_msc_pca10056 Release/Obj/app_usbd_msc.o
 .text.write_blockmem_processor
                0x00000000000032d0      0x10c Output/usbd_msc_pca10056 Release/Obj/app_usbd_msc.o
 .text.msc_buff_alloc
                0x00000000000033dc       0x50 Output/usbd_msc_pca10056 Release/Obj/app_usbd_msc.o
 .text.write_transfer_processor
                0x000000000000342c       0x8c Output/usbd_msc_pca10056 Release/Obj/app_usbd_msc.o
 .text.read_transfer_processor
                0x00000000000034b8       0xa4 Output/usbd_msc_pca10056 Release/Obj/app_usbd_msc.o
 .text.cmd_write_start
                0x000000000000355c       0x72 Output/usbd_msc_pca10056 Release/Obj/app_usbd_msc.o
 *fill*         0x00000000000035ce        0x2 
 .text.read_blockmem_processor
                0x00000000000035d0       0xe4 Output/usbd_msc_pca10056 Release/Obj/app_usbd_msc.o
 .text.msc_blockdev_ev_handler
                0x00000000000036b4       0x9a Output/usbd_msc_pca10056 Release/Obj/app_usbd_msc.o
 .text.cmd_read_start
                0x000000000000374e       0x72 Output/usbd_msc_pca10056 Release/Obj/app_usbd_msc.o
 .text.msc_event_handler
                0x00000000000037c0      0x838 Output/usbd_msc_pca10056 Release/Obj/app_usbd_msc.o
 .text.app_usbd_prepare_string.constprop.0
                0x0000000000003ff8       0x54 Output/usbd_msc_pca10056 Release/Obj/app_usbd_string_desc.o
 .text.app_usbd_string_desc_get
                0x000000000000404c       0x28 Output/usbd_msc_pca10056 Release/Obj/app_usbd_string_desc.o
                0x000000000000404c                app_usbd_string_desc_get
 .text.app_util_disable_irq
                0x0000000000004074       0x10 Output/usbd_msc_pca10056 Release/Obj/app_util_platform.o
                0x0000000000004074                app_util_disable_irq
 .text.app_util_enable_irq
                0x0000000000004084       0x14 Output/usbd_msc_pca10056 Release/Obj/app_util_platform.o
                0x0000000000004084                app_util_enable_irq
 .text.privilege_level_get
                0x0000000000004098       0x1a Output/usbd_msc_pca10056 Release/Obj/app_util_platform.o
                0x0000000000004098                privilege_level_get
 *fill*         0x00000000000040b2        0x2 
 .text.app_util_critical_region_enter
                0x00000000000040b4       0x20 Output/usbd_msc_pca10056 Release/Obj/app_util_platform.o
                0x00000000000040b4                app_util_critical_region_enter
 .text.app_util_critical_region_exit
                0x00000000000040d4       0x20 Output/usbd_msc_pca10056 Release/Obj/app_util_platform.o
                0x00000000000040d4                app_util_critical_region_exit
 .text.current_int_priority_get
                0x00000000000040f4       0x38 Output/usbd_msc_pca10056 Release/Obj/app_util_platform.o
                0x00000000000040f4                current_int_priority_get
 .text.HardFault_Handler
                0x000000000000412c       0x34 Output/usbd_msc_pca10056 Release/Obj/hardfault_handler_gcc.o
                0x000000000000412c                HardFault_Handler
 .text.HardFault_process
                0x0000000000004160       0x24 Output/usbd_msc_pca10056 Release/Obj/hardfault_implementation.o
                0x0000000000004160                HardFault_process
 .text.HardFault_c_handler
                0x0000000000004184      0x104 Output/usbd_msc_pca10056 Release/Obj/hardfault_implementation.o
                0x0000000000004184                HardFault_c_handler
 .text.assert_nrf_callback
                0x0000000000004288       0x1a Output/usbd_msc_pca10056 Release/Obj/nrf_assert.o
                0x0000000000004288                assert_nrf_callback
 .text.nrf_atfifo_init
                0x00000000000042a2       0x26 Output/usbd_msc_pca10056 Release/Obj/nrf_atfifo.o
                0x00000000000042a2                nrf_atfifo_init
 .text.nrf_atfifo_item_alloc
                0x00000000000042c8       0x54 Output/usbd_msc_pca10056 Release/Obj/nrf_atfifo.o
                0x00000000000042c8                nrf_atfifo_item_alloc
 .text.nrf_atfifo_item_put
                0x000000000000431c       0x20 Output/usbd_msc_pca10056 Release/Obj/nrf_atfifo.o
                0x000000000000431c                nrf_atfifo_item_put
 .text.nrf_atfifo_item_get
                0x000000000000433c       0x56 Output/usbd_msc_pca10056 Release/Obj/nrf_atfifo.o
                0x000000000000433c                nrf_atfifo_item_get
 .text.nrf_atfifo_item_free
                0x0000000000004392       0x20 Output/usbd_msc_pca10056 Release/Obj/nrf_atfifo.o
                0x0000000000004392                nrf_atfifo_item_free
 .text.nrf_atomic_u32_fetch_store
                0x00000000000043b2       0x14 Output/usbd_msc_pca10056 Release/Obj/nrf_atomic.o
                0x00000000000043b2                nrf_atomic_u32_fetch_store
 .text.nrf_atomic_u32_or
                0x00000000000043c6       0x16 Output/usbd_msc_pca10056 Release/Obj/nrf_atomic.o
                0x00000000000043c6                nrf_atomic_u32_or
 .text.nrf_atomic_u32_fetch_and
                0x00000000000043dc       0x16 Output/usbd_msc_pca10056 Release/Obj/nrf_atomic.o
                0x00000000000043dc                nrf_atomic_u32_fetch_and
 .text.nrf_atomic_u32_add
                0x00000000000043f2       0x16 Output/usbd_msc_pca10056 Release/Obj/nrf_atomic.o
                0x00000000000043f2                nrf_atomic_u32_add
 .text.nrf_atomic_u32_sub
                0x0000000000004408       0x16 Output/usbd_msc_pca10056 Release/Obj/nrf_atomic.o
                0x0000000000004408                nrf_atomic_u32_sub
 .text.nrf_atomic_u32_sub_hs
                0x000000000000441e       0x1a Output/usbd_msc_pca10056 Release/Obj/nrf_atomic.o
                0x000000000000441e                nrf_atomic_u32_sub_hs
 .text.nrf_atomic_flag_set
                0x0000000000004438        0x6 Output/usbd_msc_pca10056 Release/Obj/nrf_atomic.o
                0x0000000000004438                nrf_atomic_flag_set
 .text.nrf_atomic_flag_clear_fetch
                0x000000000000443e        0x6 Output/usbd_msc_pca10056 Release/Obj/nrf_atomic.o
                0x000000000000443e                nrf_atomic_flag_clear_fetch
 .text.nrf_balloc_init
                0x0000000000004444       0x7c Output/usbd_msc_pca10056 Release/Obj/nrf_balloc.o
                0x0000000000004444                nrf_balloc_init
 .text.nrf_balloc_alloc
                0x00000000000044c0       0x50 Output/usbd_msc_pca10056 Release/Obj/nrf_balloc.o
                0x00000000000044c0                nrf_balloc_alloc
 .text.nrf_balloc_free
                0x0000000000004510       0x48 Output/usbd_msc_pca10056 Release/Obj/nrf_balloc.o
                0x0000000000004510                nrf_balloc_free
 .text.block_dev_empty_ioctl
                0x0000000000004558       0x1e Output/usbd_msc_pca10056 Release/Obj/nrf_block_dev_empty.o
 *fill*         0x0000000000004576        0x2 
 .text.block_dev_empty_geometry
                0x0000000000004578       0x18 Output/usbd_msc_pca10056 Release/Obj/nrf_block_dev_empty.o
 .text.block_dev_empty_write_req
                0x0000000000004590       0x54 Output/usbd_msc_pca10056 Release/Obj/nrf_block_dev_empty.o
 .text.block_dev_empty_init
                0x00000000000045e4       0x3c Output/usbd_msc_pca10056 Release/Obj/nrf_block_dev_empty.o
 .text.block_dev_empty_read_req
                0x0000000000004620       0x5c Output/usbd_msc_pca10056 Release/Obj/nrf_block_dev_empty.o
 .text.block_dev_empty_uninit
                0x000000000000467c       0x40 Output/usbd_msc_pca10056 Release/Obj/nrf_block_dev_empty.o
 .text.block_dev_qspi_geometry
                0x00000000000046bc       0x1c Output/usbd_msc_pca10056 Release/Obj/nrf_block_dev_qspi.o
 .text.block_dev_qspi_uninit
                0x00000000000046d8       0x60 Output/usbd_msc_pca10056 Release/Obj/nrf_block_dev_qspi.o
 .text.block_dev_qspi_init
                0x0000000000004738      0x124 Output/usbd_msc_pca10056 Release/Obj/nrf_block_dev_qspi.o
 .text.block_dev_qspi_read_req
                0x000000000000485c       0x9c Output/usbd_msc_pca10056 Release/Obj/nrf_block_dev_qspi.o
 .text.block_dev_qspi_write_start.isra.2
                0x00000000000048f8       0x42 Output/usbd_msc_pca10056 Release/Obj/nrf_block_dev_qspi.o
 *fill*         0x000000000000493a        0x2 
 .text.block_dev_qspi_ioctl
                0x000000000000493c       0x68 Output/usbd_msc_pca10056 Release/Obj/nrf_block_dev_qspi.o
 .text.block_dev_qspi_eunit_write
                0x00000000000049a4      0x10c Output/usbd_msc_pca10056 Release/Obj/nrf_block_dev_qspi.o
 .text.qspi_handler
                0x0000000000004ab0      0x198 Output/usbd_msc_pca10056 Release/Obj/nrf_block_dev_qspi.o
 .text.block_dev_qspi_write_req
                0x0000000000004c48       0xc4 Output/usbd_msc_pca10056 Release/Obj/nrf_block_dev_qspi.o
 .text.block_dev_ram_ioctl
                0x0000000000004d0c       0x1e Output/usbd_msc_pca10056 Release/Obj/nrf_block_dev_ram.o
 *fill*         0x0000000000004d2a        0x2 
 .text.block_dev_ram_geometry
                0x0000000000004d2c       0x18 Output/usbd_msc_pca10056 Release/Obj/nrf_block_dev_ram.o
 .text.block_dev_ram_init
                0x0000000000004d44       0x40 Output/usbd_msc_pca10056 Release/Obj/nrf_block_dev_ram.o
 .text.block_dev_ram_req
                0x0000000000004d84       0x7c Output/usbd_msc_pca10056 Release/Obj/nrf_block_dev_ram.o
 .text.block_dev_ram_write_req
                0x0000000000004e00        0x6 Output/usbd_msc_pca10056 Release/Obj/nrf_block_dev_ram.o
 .text.block_dev_ram_read_req
                0x0000000000004e06        0x6 Output/usbd_msc_pca10056 Release/Obj/nrf_block_dev_ram.o
 .text.block_dev_ram_uninit
                0x0000000000004e0c       0x40 Output/usbd_msc_pca10056 Release/Obj/nrf_block_dev_ram.o
 .text.nrf_fprintf_buffer_flush
                0x0000000000004e4c       0x24 Output/usbd_msc_pca10056 Release/Obj/nrf_fprintf.o
                0x0000000000004e4c                nrf_fprintf_buffer_flush
 .text.nrf_fprintf
                0x0000000000004e70       0x54 Output/usbd_msc_pca10056 Release/Obj/nrf_fprintf.o
                0x0000000000004e70                nrf_fprintf
 .text.buffer_add
                0x0000000000004ec4       0x2e Output/usbd_msc_pca10056 Release/Obj/nrf_fprintf_format.o
 *fill*         0x0000000000004ef2        0x2 
 .text.unsigned_print
                0x0000000000004ef4       0xb0 Output/usbd_msc_pca10056 Release/Obj/nrf_fprintf_format.o
 .text.nrf_fprintf_fmt
                0x0000000000004fa4      0x2b4 Output/usbd_msc_pca10056 Release/Obj/nrf_fprintf_format.o
                0x0000000000004fa4                nrf_fprintf_fmt
 .text.memobj_op
                0x0000000000005258       0xa4 Output/usbd_msc_pca10056 Release/Obj/nrf_memobj.o
 .text.nrf_memobj_pool_init
                0x00000000000052fc        0x4 Output/usbd_msc_pca10056 Release/Obj/nrf_memobj.o
                0x00000000000052fc                nrf_memobj_pool_init
 .text.nrf_memobj_free
                0x0000000000005300       0x2c Output/usbd_msc_pca10056 Release/Obj/nrf_memobj.o
                0x0000000000005300                nrf_memobj_free
 .text.nrf_memobj_alloc
                0x000000000000532c       0x5e Output/usbd_msc_pca10056 Release/Obj/nrf_memobj.o
                0x000000000000532c                nrf_memobj_alloc
 .text.nrf_memobj_get
                0x000000000000538a        0x8 Output/usbd_msc_pca10056 Release/Obj/nrf_memobj.o
                0x000000000000538a                nrf_memobj_get
 .text.nrf_memobj_put
                0x0000000000005392       0x1e Output/usbd_msc_pca10056 Release/Obj/nrf_memobj.o
                0x0000000000005392                nrf_memobj_put
 .text.nrf_memobj_write
                0x00000000000053b0       0x28 Output/usbd_msc_pca10056 Release/Obj/nrf_memobj.o
                0x00000000000053b0                nrf_memobj_write
 .text.nrf_memobj_read
                0x00000000000053d8       0x28 Output/usbd_msc_pca10056 Release/Obj/nrf_memobj.o
                0x00000000000053d8                nrf_memobj_read
 .text.nrf_ringbuf_init
                0x0000000000005400       0x12 Output/usbd_msc_pca10056 Release/Obj/nrf_ringbuf.o
                0x0000000000005400                nrf_ringbuf_init
 *fill*         0x0000000000005412        0x2 
 .text.nrf_serial_flash_params_get
                0x0000000000005414       0x1c Output/usbd_msc_pca10056 Release/Obj/nrf_serial_flash_params.o
                0x0000000000005414                nrf_serial_flash_params_get
 .text.nrf_strerror_find
                0x0000000000005430       0x3c Output/usbd_msc_pca10056 Release/Obj/nrf_strerror.o
                0x0000000000005430                nrf_strerror_find
 .text.nrf_strerror_get
                0x000000000000546c       0x14 Output/usbd_msc_pca10056 Release/Obj/nrf_strerror.o
                0x000000000000546c                nrf_strerror_get
 .text.clock_clk_started_notify
                0x0000000000005480       0x24 Output/usbd_msc_pca10056 Release/Obj/nrf_drv_clock.o
 .text.clock_irq_handler
                0x00000000000054a4       0x1c Output/usbd_msc_pca10056 Release/Obj/nrf_drv_clock.o
 .text.nrf_drv_clock_init_check
                0x00000000000054c0        0xc Output/usbd_msc_pca10056 Release/Obj/nrf_drv_clock.o
                0x00000000000054c0                nrf_drv_clock_init_check
 .text.nrf_drv_clock_init
                0x00000000000054cc       0x30 Output/usbd_msc_pca10056 Release/Obj/nrf_drv_clock.o
                0x00000000000054cc                nrf_drv_clock_init
 .text.nrf_drv_clock_lfclk_request
                0x00000000000054fc       0x74 Output/usbd_msc_pca10056 Release/Obj/nrf_drv_clock.o
                0x00000000000054fc                nrf_drv_clock_lfclk_request
 .text.nrf_drv_clock_hfclk_request
                0x0000000000005570       0x78 Output/usbd_msc_pca10056 Release/Obj/nrf_drv_clock.o
                0x0000000000005570                nrf_drv_clock_hfclk_request
 .text.nrf_drv_clock_hfclk_release
                0x00000000000055e8       0x48 Output/usbd_msc_pca10056 Release/Obj/nrf_drv_clock.o
                0x00000000000055e8                nrf_drv_clock_hfclk_release
 .text.nrf_drv_power_init
                0x0000000000005630       0x28 Output/usbd_msc_pca10056 Release/Obj/nrf_drv_power.o
                0x0000000000005630                nrf_drv_power_init
 .text.nrf_drv_power_usbevt_uninit
                0x0000000000005658        0xe Output/usbd_msc_pca10056 Release/Obj/nrf_drv_power.o
                0x0000000000005658                nrf_drv_power_usbevt_uninit
 .text.nrf_drv_power_usbevt_init
                0x0000000000005666       0x16 Output/usbd_msc_pca10056 Release/Obj/nrf_drv_power.o
                0x0000000000005666                nrf_drv_power_usbevt_init
 .text.uarte_evt_handler
                0x000000000000567c       0x34 Output/usbd_msc_pca10056 Release/Obj/nrf_drv_uart.o
 .text.uart_evt_handler
                0x00000000000056b0       0x34 Output/usbd_msc_pca10056 Release/Obj/nrf_drv_uart.o
 .text.nrf_drv_uart_init
                0x00000000000056e4       0x94 Output/usbd_msc_pca10056 Release/Obj/nrf_drv_uart.o
                0x00000000000056e4                nrf_drv_uart_init
 .text.nrfx_atomic_u32_fetch_and
                0x0000000000005778       0x16 Output/usbd_msc_pca10056 Release/Obj/nrfx_atomic.o
                0x0000000000005778                nrfx_atomic_u32_fetch_and
 *fill*         0x000000000000578e        0x2 
 .text.nrfx_clock_init
                0x0000000000005790       0x28 Output/usbd_msc_pca10056 Release/Obj/nrfx_clock.o
                0x0000000000005790                nrfx_clock_init
 .text.nrfx_clock_enable
                0x00000000000057b8       0x44 Output/usbd_msc_pca10056 Release/Obj/nrfx_clock.o
                0x00000000000057b8                nrfx_clock_enable
 .text.nrfx_clock_lfclk_start
                0x00000000000057fc       0x3c Output/usbd_msc_pca10056 Release/Obj/nrfx_clock.o
                0x00000000000057fc                nrfx_clock_lfclk_start
 .text.nrfx_clock_hfclk_start
                0x0000000000005838       0x3c Output/usbd_msc_pca10056 Release/Obj/nrfx_clock.o
                0x0000000000005838                nrfx_clock_hfclk_start
 .text.nrfx_clock_hfclk_stop
                0x0000000000005874       0x3c Output/usbd_msc_pca10056 Release/Obj/nrfx_clock.o
                0x0000000000005874                nrfx_clock_hfclk_stop
 .text.nrfx_clock_irq_handler
                0x00000000000058b0       0x64 Output/usbd_msc_pca10056 Release/Obj/nrfx_clock.o
                0x00000000000058b0                nrfx_clock_irq_handler
 .text.nrf_gpiote_event_clear
                0x0000000000005914       0x18 Output/usbd_msc_pca10056 Release/Obj/nrfx_gpiote.o
 .text.channel_free
                0x000000000000592c       0x1c Output/usbd_msc_pca10056 Release/Obj/nrfx_gpiote.o
 .text.nrf_gpio_pin_port_decode
                0x0000000000005948       0x30 Output/usbd_msc_pca10056 Release/Obj/nrfx_gpiote.o
 .text.nrf_gpio_cfg_sense_set
                0x0000000000005978       0x2e Output/usbd_msc_pca10056 Release/Obj/nrfx_gpiote.o
 *fill*         0x00000000000059a6        0x2 
 .text.nrf_gpio_ports_read.constprop.2
                0x00000000000059a8       0x18 Output/usbd_msc_pca10056 Release/Obj/nrfx_gpiote.o
 .text.nrfx_gpiote_init
                0x00000000000059c0       0x70 Output/usbd_msc_pca10056 Release/Obj/nrfx_gpiote.o
                0x00000000000059c0                nrfx_gpiote_init
 .text.nrfx_gpiote_is_init
                0x0000000000005a30       0x14 Output/usbd_msc_pca10056 Release/Obj/nrfx_gpiote.o
                0x0000000000005a30                nrfx_gpiote_is_init
 .text.nrfx_gpiote_in_init
                0x0000000000005a44      0x114 Output/usbd_msc_pca10056 Release/Obj/nrfx_gpiote.o
                0x0000000000005a44                nrfx_gpiote_in_init
 .text.nrfx_gpiote_in_event_enable
                0x0000000000005b58       0xbc Output/usbd_msc_pca10056 Release/Obj/nrfx_gpiote.o
                0x0000000000005b58                nrfx_gpiote_in_event_enable
 .text.nrfx_gpiote_in_is_set
                0x0000000000005c14       0x30 Output/usbd_msc_pca10056 Release/Obj/nrfx_gpiote.o
                0x0000000000005c14                nrfx_gpiote_in_is_set
 .text.GPIOTE_IRQHandler
                0x0000000000005c44      0x19c Output/usbd_msc_pca10056 Release/Obj/nrfx_gpiote.o
                0x0000000000005c44                GPIOTE_IRQHandler
 .text.nrf_power_event_get_and_clear
                0x0000000000005de0       0x20 Output/usbd_msc_pca10056 Release/Obj/nrfx_power.o
 .text.nrfx_power_init
                0x0000000000005e00       0x58 Output/usbd_msc_pca10056 Release/Obj/nrfx_power.o
                0x0000000000005e00                nrfx_power_init
 .text.nrfx_power_usbevt_init
                0x0000000000005e58        0xc Output/usbd_msc_pca10056 Release/Obj/nrfx_power.o
                0x0000000000005e58                nrfx_power_usbevt_init
 .text.nrfx_power_usbevt_enable
                0x0000000000005e64        0xe Output/usbd_msc_pca10056 Release/Obj/nrfx_power.o
                0x0000000000005e64                nrfx_power_usbevt_enable
 .text.nrfx_power_usbevt_disable
                0x0000000000005e72        0xe Output/usbd_msc_pca10056 Release/Obj/nrfx_power.o
                0x0000000000005e72                nrfx_power_usbevt_disable
 .text.nrfx_power_usbevt_uninit
                0x0000000000005e80        0xc Output/usbd_msc_pca10056 Release/Obj/nrfx_power.o
                0x0000000000005e80                nrfx_power_usbevt_uninit
 .text.nrfx_power_irq_handler
                0x0000000000005e8c       0xf8 Output/usbd_msc_pca10056 Release/Obj/nrfx_power.o
                0x0000000000005e8c                nrfx_power_irq_handler
 .text.POWER_CLOCK_IRQHandler
                0x0000000000005f84        0xe Output/usbd_msc_pca10056 Release/Obj/nrfx_power.o
                0x0000000000005f84                POWER_CLOCK_IRQHandler
 *fill*         0x0000000000005f92        0x2 
 .text.UARTE0_UART0_IRQHandler
                0x0000000000005f94       0x20 Output/usbd_msc_pca10056 Release/Obj/nrfx_prs.o
                0x0000000000005f94                UARTE0_UART0_IRQHandler
 .text.nrfx_prs_acquire
                0x0000000000005fb4       0x44 Output/usbd_msc_pca10056 Release/Obj/nrfx_prs.o
                0x0000000000005fb4                nrfx_prs_acquire
 .text.nrfx_prs_release
                0x0000000000005ff8       0x28 Output/usbd_msc_pca10056 Release/Obj/nrfx_prs.o
                0x0000000000005ff8                nrfx_prs_release
 .text.qspi_task_perform
                0x0000000000006020       0x48 Output/usbd_msc_pca10056 Release/Obj/nrfx_qspi.o
 .text.nrfx_qspi_init
                0x0000000000006068      0x140 Output/usbd_msc_pca10056 Release/Obj/nrfx_qspi.o
                0x0000000000006068                nrfx_qspi_init
 .text.nrfx_qspi_cinstr_xfer
                0x00000000000061a8      0x158 Output/usbd_msc_pca10056 Release/Obj/nrfx_qspi.o
                0x00000000000061a8                nrfx_qspi_cinstr_xfer
 .text.nrfx_qspi_uninit
                0x0000000000006300       0x54 Output/usbd_msc_pca10056 Release/Obj/nrfx_qspi.o
                0x0000000000006300                nrfx_qspi_uninit
 .text.nrfx_qspi_write
                0x0000000000006354       0x74 Output/usbd_msc_pca10056 Release/Obj/nrfx_qspi.o
                0x0000000000006354                nrfx_qspi_write
 .text.nrfx_qspi_read
                0x00000000000063c8       0x74 Output/usbd_msc_pca10056 Release/Obj/nrfx_qspi.o
                0x00000000000063c8                nrfx_qspi_read
 .text.nrfx_qspi_erase
                0x000000000000643c       0x38 Output/usbd_msc_pca10056 Release/Obj/nrfx_qspi.o
                0x000000000000643c                nrfx_qspi_erase
 .text.QSPI_IRQHandler
                0x0000000000006474       0x20 Output/usbd_msc_pca10056 Release/Obj/nrfx_qspi.o
                0x0000000000006474                QSPI_IRQHandler
 .text.nrf_gpio_pin_port_decode
                0x0000000000006494       0x30 Output/usbd_msc_pca10056 Release/Obj/nrfx_spim.o
 .text.nrf_gpio_pin_clear
                0x00000000000064c4       0x1a Output/usbd_msc_pca10056 Release/Obj/nrfx_spim.o
 .text.nrf_gpio_pin_set
                0x00000000000064de       0x1a Output/usbd_msc_pca10056 Release/Obj/nrfx_spim.o
 .text.SPIM0_SPIS0_TWIM0_TWIS0_SPI0_TWI0_IRQHandler
                0x00000000000064f8       0x68 Output/usbd_msc_pca10056 Release/Obj/nrfx_spim.o
                0x00000000000064f8                SPIM0_SPIS0_TWIM0_TWIS0_SPI0_TWI0_IRQHandler
 .text.nrfx_systick_delay_ticks
                0x0000000000006560       0x2c Output/usbd_msc_pca10056 Release/Obj/nrfx_systick.o
                0x0000000000006560                nrfx_systick_delay_ticks
 .text.nrfx_systick_delay_us
                0x000000000000658c       0x40 Output/usbd_msc_pca10056 Release/Obj/nrfx_systick.o
                0x000000000000658c                nrfx_systick_delay_us
 .text.nrf_uart_event_clear
                0x00000000000065cc       0x10 Output/usbd_msc_pca10056 Release/Obj/nrfx_uart.o
 .text.tx_byte  0x00000000000065dc       0x1e Output/usbd_msc_pca10056 Release/Obj/nrfx_uart.o
 *fill*         0x00000000000065fa        0x2 
 .text.nrf_gpio_pin_port_decode
                0x00000000000065fc       0x30 Output/usbd_msc_pca10056 Release/Obj/nrfx_uart.o
 .text.nrf_gpio_cfg_default
                0x000000000000662c       0x1c Output/usbd_msc_pca10056 Release/Obj/nrfx_uart.o
 .text.rx_byte  0x0000000000006648       0x2c Output/usbd_msc_pca10056 Release/Obj/nrfx_uart.o
 .text.rx_done_event.constprop.7
                0x0000000000006674       0x20 Output/usbd_msc_pca10056 Release/Obj/nrfx_uart.o
 .text.nrfx_uart_0_irq_handler
                0x0000000000006694      0x13c Output/usbd_msc_pca10056 Release/Obj/nrfx_uart.o
                0x0000000000006694                nrfx_uart_0_irq_handler
 .text.nrfx_uart_init
                0x00000000000067d0      0x1d0 Output/usbd_msc_pca10056 Release/Obj/nrfx_uart.o
                0x00000000000067d0                nrfx_uart_init
 .text.nrfx_uart_uninit
                0x00000000000069a0       0xac Output/usbd_msc_pca10056 Release/Obj/nrfx_uart.o
                0x00000000000069a0                nrfx_uart_uninit
 .text.nrfx_uart_tx
                0x0000000000006a4c       0xe0 Output/usbd_msc_pca10056 Release/Obj/nrfx_uart.o
                0x0000000000006a4c                nrfx_uart_tx
 .text.nrf_uarte_event_clear
                0x0000000000006b2c       0x10 Output/usbd_msc_pca10056 Release/Obj/nrfx_uarte.o
 .text.nrf_gpio_pin_port_decode
                0x0000000000006b3c       0x30 Output/usbd_msc_pca10056 Release/Obj/nrfx_uarte.o
 .text.nrf_gpio_cfg_default
                0x0000000000006b6c       0x1c Output/usbd_msc_pca10056 Release/Obj/nrfx_uarte.o
 .text.rx_done_event.constprop.6
                0x0000000000006b88       0x20 Output/usbd_msc_pca10056 Release/Obj/nrfx_uarte.o
 .text.nrfx_uarte_0_irq_handler
                0x0000000000006ba8       0xe8 Output/usbd_msc_pca10056 Release/Obj/nrfx_uarte.o
                0x0000000000006ba8                nrfx_uarte_0_irq_handler
 .text.nrfx_uarte_init
                0x0000000000006c90      0x1e0 Output/usbd_msc_pca10056 Release/Obj/nrfx_uarte.o
                0x0000000000006c90                nrfx_uarte_init
 .text.nrfx_uarte_uninit
                0x0000000000006e70       0xac Output/usbd_msc_pca10056 Release/Obj/nrfx_uarte.o
                0x0000000000006e70                nrfx_uarte_uninit
 .text.nrfx_uarte_tx
                0x0000000000006f1c       0xe0 Output/usbd_msc_pca10056 Release/Obj/nrfx_uarte.o
                0x0000000000006f1c                nrfx_uarte_tx
 .text.nrf_usbd_task_trigger
                0x0000000000006ffc       0x16 Output/usbd_msc_pca10056 Release/Obj/nrfx_usbd.o
 *fill*         0x0000000000007012        0x2 
 .text.nrfx_usbd_errata_type_52840_eng_b
                0x0000000000007014       0x20 Output/usbd_msc_pca10056 Release/Obj/nrfx_usbd.o
 .text.usbd_dma_pending_clear
                0x0000000000007034       0x14 Output/usbd_msc_pca10056 Release/Obj/nrfx_usbd.o
 .text.ev_usbreset_handler
                0x0000000000007048       0x30 Output/usbd_msc_pca10056 Release/Obj/nrfx_usbd.o
 .text.ev_started_handler
                0x0000000000007078        0x2 Output/usbd_msc_pca10056 Release/Obj/nrfx_usbd.o
 *fill*         0x000000000000707a        0x2 
 .text.nrfx_usbd_consumer
                0x000000000000707c       0x60 Output/usbd_msc_pca10056 Release/Obj/nrfx_usbd.o
                0x000000000000707c                nrfx_usbd_consumer
 .text.nrfx_usbd_feeder_ram
                0x00000000000070dc       0x44 Output/usbd_msc_pca10056 Release/Obj/nrfx_usbd.o
                0x00000000000070dc                nrfx_usbd_feeder_ram
 .text.nrfx_usbd_feeder_ram_zlp
                0x0000000000007120       0x4c Output/usbd_msc_pca10056 Release/Obj/nrfx_usbd.o
                0x0000000000007120                nrfx_usbd_feeder_ram_zlp
 .text.ep_state_access
                0x000000000000716c       0x34 Output/usbd_msc_pca10056 Release/Obj/nrfx_usbd.o
 .text.ep2bit   0x00000000000071a0       0x28 Output/usbd_msc_pca10056 Release/Obj/nrfx_usbd.o
 .text.task_start_ep
                0x00000000000071c8       0x2c Output/usbd_msc_pca10056 Release/Obj/nrfx_usbd.o
 .text.nrfx_usbd_ep_to_endevent
                0x00000000000071f4       0x34 Output/usbd_msc_pca10056 Release/Obj/nrfx_usbd.o
 .text.nrf_usbd_ep_enable_check
                0x0000000000007228       0x38 Output/usbd_msc_pca10056 Release/Obj/nrfx_usbd.o
 .text.nrfx_usbd_ep_to_int
                0x0000000000007260       0x38 Output/usbd_msc_pca10056 Release/Obj/nrfx_usbd.o
 .text.nrfx_usbd_feeder_flash
                0x0000000000007298       0x60 Output/usbd_msc_pca10056 Release/Obj/nrfx_usbd.o
                0x0000000000007298                nrfx_usbd_feeder_flash
 .text.nrfx_usbd_feeder_flash_zlp
                0x00000000000072f8       0x68 Output/usbd_msc_pca10056 Release/Obj/nrfx_usbd.o
                0x00000000000072f8                nrfx_usbd_feeder_flash_zlp
 .text.ev_dma_epin0_handler
                0x0000000000007360       0x30 Output/usbd_msc_pca10056 Release/Obj/nrfx_usbd.o
 .text.usbd_ep_data_handler
                0x0000000000007390       0x58 Output/usbd_msc_pca10056 Release/Obj/nrfx_usbd.o
 .text.ev_setup_data_handler
                0x00000000000073e8       0x1c Output/usbd_msc_pca10056 Release/Obj/nrfx_usbd.o
 .text.ep_to_hal.part.3
                0x0000000000007404       0x10 Output/usbd_msc_pca10056 Release/Obj/nrfx_usbd.o
 .text.nrf_usbd_epin_dma_handler
                0x0000000000007414       0x34 Output/usbd_msc_pca10056 Release/Obj/nrfx_usbd.o
 .text.ev_dma_epin7_handler
                0x0000000000007448        0x6 Output/usbd_msc_pca10056 Release/Obj/nrfx_usbd.o
 .text.ev_dma_epin6_handler
                0x000000000000744e        0x6 Output/usbd_msc_pca10056 Release/Obj/nrfx_usbd.o
 .text.ev_dma_epin5_handler
                0x0000000000007454        0x6 Output/usbd_msc_pca10056 Release/Obj/nrfx_usbd.o
 .text.ev_dma_epin4_handler
                0x000000000000745a        0x6 Output/usbd_msc_pca10056 Release/Obj/nrfx_usbd.o
 .text.ev_dma_epin3_handler
                0x0000000000007460        0x6 Output/usbd_msc_pca10056 Release/Obj/nrfx_usbd.o
 .text.ev_dma_epin2_handler
                0x0000000000007466        0x6 Output/usbd_msc_pca10056 Release/Obj/nrfx_usbd.o
 .text.ev_dma_epin1_handler
                0x000000000000746c        0x6 Output/usbd_msc_pca10056 Release/Obj/nrfx_usbd.o
 *fill*         0x0000000000007472        0x2 
 .text.ev_sof_handler
                0x0000000000007474       0x44 Output/usbd_msc_pca10056 Release/Obj/nrfx_usbd.o
 .text.ev_dma_epout8_handler
                0x00000000000074b8       0x48 Output/usbd_msc_pca10056 Release/Obj/nrfx_usbd.o
 .text.ev_dma_epin8_handler
                0x0000000000007500       0x54 Output/usbd_msc_pca10056 Release/Obj/nrfx_usbd.o
 .text.ev_usbevent_handler
                0x0000000000007554       0xa4 Output/usbd_msc_pca10056 Release/Obj/nrfx_usbd.o
 .text.nrfx_usbd_uninit
                0x00000000000075f8       0x2c Output/usbd_msc_pca10056 Release/Obj/nrfx_usbd.o
                0x00000000000075f8                nrfx_usbd_uninit
 .text.nrfx_usbd_enable
                0x0000000000007624      0x154 Output/usbd_msc_pca10056 Release/Obj/nrfx_usbd.o
                0x0000000000007624                nrfx_usbd_enable
 .text.nrfx_usbd_start
                0x0000000000007778       0x70 Output/usbd_msc_pca10056 Release/Obj/nrfx_usbd.o
                0x0000000000007778                nrfx_usbd_start
 .text.nrfx_usbd_is_initialized
                0x00000000000077e8       0x10 Output/usbd_msc_pca10056 Release/Obj/nrfx_usbd.o
                0x00000000000077e8                nrfx_usbd_is_initialized
 .text.nrfx_usbd_is_enabled
                0x00000000000077f8       0x14 Output/usbd_msc_pca10056 Release/Obj/nrfx_usbd.o
                0x00000000000077f8                nrfx_usbd_is_enabled
 .text.nrfx_usbd_is_started
                0x000000000000780c       0x1c Output/usbd_msc_pca10056 Release/Obj/nrfx_usbd.o
                0x000000000000780c                nrfx_usbd_is_started
 .text.nrfx_usbd_wakeup_req
                0x0000000000007828       0x58 Output/usbd_msc_pca10056 Release/Obj/nrfx_usbd.o
                0x0000000000007828                nrfx_usbd_wakeup_req
 .text.nrfx_usbd_suspend_irq_config
                0x0000000000007880       0x14 Output/usbd_msc_pca10056 Release/Obj/nrfx_usbd.o
                0x0000000000007880                nrfx_usbd_suspend_irq_config
 .text.nrfx_usbd_active_irq_config
                0x0000000000007894       0x14 Output/usbd_msc_pca10056 Release/Obj/nrfx_usbd.o
                0x0000000000007894                nrfx_usbd_active_irq_config
 .text.nrfx_usbd_force_bus_wakeup
                0x00000000000078a8        0xc Output/usbd_msc_pca10056 Release/Obj/nrfx_usbd.o
                0x00000000000078a8                nrfx_usbd_force_bus_wakeup
 .text.nrfx_usbd_ep_max_packet_size_set
                0x00000000000078b4       0x54 Output/usbd_msc_pca10056 Release/Obj/nrfx_usbd.o
                0x00000000000078b4                nrfx_usbd_ep_max_packet_size_set
 .text.nrfx_usbd_init
                0x0000000000007908       0x8c Output/usbd_msc_pca10056 Release/Obj/nrfx_usbd.o
                0x0000000000007908                nrfx_usbd_init
 .text.nrfx_usbd_ep_max_packet_size_get
                0x0000000000007994        0xa Output/usbd_msc_pca10056 Release/Obj/nrfx_usbd.o
                0x0000000000007994                nrfx_usbd_ep_max_packet_size_get
 .text.nrfx_usbd_ep_enable_check
                0x000000000000799e       0x1a Output/usbd_msc_pca10056 Release/Obj/nrfx_usbd.o
                0x000000000000799e                nrfx_usbd_ep_enable_check
 .text.nrfx_usbd_ep_transfer
                0x00000000000079b8      0x114 Output/usbd_msc_pca10056 Release/Obj/nrfx_usbd.o
                0x00000000000079b8                nrfx_usbd_ep_transfer
 .text.nrfx_usbd_ep_handled_transfer
                0x0000000000007acc       0x94 Output/usbd_msc_pca10056 Release/Obj/nrfx_usbd.o
                0x0000000000007acc                nrfx_usbd_ep_handled_transfer
 .text.nrfx_usbd_feeder_buffer_get
                0x0000000000007b60        0x8 Output/usbd_msc_pca10056 Release/Obj/nrfx_usbd.o
                0x0000000000007b60                nrfx_usbd_feeder_buffer_get
 .text.nrfx_usbd_ep_status_get
                0x0000000000007b68       0x28 Output/usbd_msc_pca10056 Release/Obj/nrfx_usbd.o
                0x0000000000007b68                nrfx_usbd_ep_status_get
 .text.nrfx_usbd_epout_size_get
                0x0000000000007b90       0x50 Output/usbd_msc_pca10056 Release/Obj/nrfx_usbd.o
                0x0000000000007b90                nrfx_usbd_epout_size_get
 .text.usbd_dmareq_process
                0x0000000000007be0      0x1f0 Output/usbd_msc_pca10056 Release/Obj/nrfx_usbd.o
 .text.ev_epdata_handler
                0x0000000000007dd0       0x68 Output/usbd_msc_pca10056 Release/Obj/nrfx_usbd.o
 .text.nrf_usbd_epout_dma_handler
                0x0000000000007e38       0x64 Output/usbd_msc_pca10056 Release/Obj/nrfx_usbd.o
 .text.ev_dma_epout7_handler
                0x0000000000007e9c        0x6 Output/usbd_msc_pca10056 Release/Obj/nrfx_usbd.o
 .text.ev_dma_epout6_handler
                0x0000000000007ea2        0x6 Output/usbd_msc_pca10056 Release/Obj/nrfx_usbd.o
 .text.ev_dma_epout5_handler
                0x0000000000007ea8        0x6 Output/usbd_msc_pca10056 Release/Obj/nrfx_usbd.o
 .text.ev_dma_epout4_handler
                0x0000000000007eae        0x6 Output/usbd_msc_pca10056 Release/Obj/nrfx_usbd.o
 .text.ev_dma_epout3_handler
                0x0000000000007eb4        0x6 Output/usbd_msc_pca10056 Release/Obj/nrfx_usbd.o
 .text.ev_dma_epout2_handler
                0x0000000000007eba        0x6 Output/usbd_msc_pca10056 Release/Obj/nrfx_usbd.o
 .text.ev_dma_epout1_handler
                0x0000000000007ec0        0x6 Output/usbd_msc_pca10056 Release/Obj/nrfx_usbd.o
 *fill*         0x0000000000007ec6        0x2 
 .text.nrfx_usbd_ep_stall
                0x0000000000007ec8       0x3c Output/usbd_msc_pca10056 Release/Obj/nrfx_usbd.o
                0x0000000000007ec8                nrfx_usbd_ep_stall
 .text.nrfx_usbd_ep_stall_check
                0x0000000000007f04       0x40 Output/usbd_msc_pca10056 Release/Obj/nrfx_usbd.o
                0x0000000000007f04                nrfx_usbd_ep_stall_check
 .text.nrfx_usbd_ep_dtoggle_clear
                0x0000000000007f44       0x48 Output/usbd_msc_pca10056 Release/Obj/nrfx_usbd.o
                0x0000000000007f44                nrfx_usbd_ep_dtoggle_clear
 .text.nrfx_usbd_setup_get
                0x0000000000007f8c       0x4c Output/usbd_msc_pca10056 Release/Obj/nrfx_usbd.o
                0x0000000000007f8c                nrfx_usbd_setup_get
 .text.nrfx_usbd_setup_data_clear
                0x0000000000007fd8       0x2a Output/usbd_msc_pca10056 Release/Obj/nrfx_usbd.o
                0x0000000000007fd8                nrfx_usbd_setup_data_clear
 *fill*         0x0000000000008002        0x2 
 .text.ev_dma_epout0_handler
                0x0000000000008004       0x50 Output/usbd_msc_pca10056 Release/Obj/nrfx_usbd.o
 .text.nrfx_usbd_setup_clear
                0x0000000000008054        0x6 Output/usbd_msc_pca10056 Release/Obj/nrfx_usbd.o
                0x0000000000008054                nrfx_usbd_setup_clear
 .text.nrfx_usbd_setup_stall
                0x000000000000805a        0x6 Output/usbd_msc_pca10056 Release/Obj/nrfx_usbd.o
                0x000000000000805a                nrfx_usbd_setup_stall
 .text.nrfx_usbd_last_setup_dir_get
                0x0000000000008060        0xc Output/usbd_msc_pca10056 Release/Obj/nrfx_usbd.o
                0x0000000000008060                nrfx_usbd_last_setup_dir_get
 .text.nrfx_usbd_transfer_out_drop
                0x000000000000806c       0xb0 Output/usbd_msc_pca10056 Release/Obj/nrfx_usbd.o
                0x000000000000806c                nrfx_usbd_transfer_out_drop
 .text.usbd_ep_abort
                0x000000000000811c      0x128 Output/usbd_msc_pca10056 Release/Obj/nrfx_usbd.o
 .text.nrfx_usbd_ep_abort
                0x0000000000008244        0x4 Output/usbd_msc_pca10056 Release/Obj/nrfx_usbd.o
                0x0000000000008244                nrfx_usbd_ep_abort
 .text.ev_setup_handler
                0x0000000000008248       0x70 Output/usbd_msc_pca10056 Release/Obj/nrfx_usbd.o
 .text.USBD_IRQHandler
                0x00000000000082b8      0x174 Output/usbd_msc_pca10056 Release/Obj/nrfx_usbd.o
                0x00000000000082b8                USBD_IRQHandler
 .text.usbd_ep_abort_all
                0x000000000000842c       0x4c Output/usbd_msc_pca10056 Release/Obj/nrfx_usbd.o
 .text.nrfx_usbd_stop
                0x0000000000008478       0x54 Output/usbd_msc_pca10056 Release/Obj/nrfx_usbd.o
                0x0000000000008478                nrfx_usbd_stop
 .text.nrfx_usbd_disable
                0x00000000000084cc       0x44 Output/usbd_msc_pca10056 Release/Obj/nrfx_usbd.o
                0x00000000000084cc                nrfx_usbd_disable
 .text.nrfx_usbd_suspend
                0x0000000000008510       0x4c Output/usbd_msc_pca10056 Release/Obj/nrfx_usbd.o
                0x0000000000008510                nrfx_usbd_suspend
 .text.nrfx_usbd_ep_disable
                0x000000000000855c       0x6c Output/usbd_msc_pca10056 Release/Obj/nrfx_usbd.o
                0x000000000000855c                nrfx_usbd_ep_disable
 .text.nrfx_usbd_ep_enable
                0x00000000000085c8       0xa8 Output/usbd_msc_pca10056 Release/Obj/nrfx_usbd.o
                0x00000000000085c8                nrfx_usbd_ep_enable
 .text.nrfx_usbd_ep_stall_clear
                0x0000000000008670       0x48 Output/usbd_msc_pca10056 Release/Obj/nrfx_usbd.o
                0x0000000000008670                nrfx_usbd_ep_stall_clear
 .text.alert_timer_handler
                0x00000000000086b8        0x6 Output/usbd_msc_pca10056 Release/Obj/bsp.o
 *fill*         0x00000000000086be        0x2 
 .text.bsp_button_event_handler
                0x00000000000086c0       0x9c Output/usbd_msc_pca10056 Release/Obj/bsp.o
 .text.button_timer_handler
                0x000000000000875c        0x8 Output/usbd_msc_pca10056 Release/Obj/bsp.o
 .text.leds_off
                0x0000000000008764       0x2c Output/usbd_msc_pca10056 Release/Obj/bsp.o
 .text.bsp_led_indication
                0x0000000000008790      0x204 Output/usbd_msc_pca10056 Release/Obj/bsp.o
 .text.leds_timer_handler
                0x0000000000008994       0x1c Output/usbd_msc_pca10056 Release/Obj/bsp.o
 .text.bsp_init
                0x00000000000089b0       0x9c Output/usbd_msc_pca10056 Release/Obj/bsp.o
                0x00000000000089b0                bsp_init
 .text.msc_user_ev_handler
                0x0000000000008a4c        0x2 Output/usbd_msc_pca10056 Release/Obj/main.o
 *fill*         0x0000000000008a4e        0x2 
 .text.fatfs_init
                0x0000000000008a50       0x98 Output/usbd_msc_pca10056 Release/Obj/main.o
 .text.fatfs_file_create
                0x0000000000008ae8       0xb8 Output/usbd_msc_pca10056 Release/Obj/main.o
 .text.fatfs_ls
                0x0000000000008ba0       0xcc Output/usbd_msc_pca10056 Release/Obj/main.o
 .text.usbd_user_ev_handler
                0x0000000000008c6c       0xd0 Output/usbd_msc_pca10056 Release/Obj/main.o
 .text.bsp_event_callback
                0x0000000000008d3c       0x24 Output/usbd_msc_pca10056 Release/Obj/main.o
 .text.startup.main
                0x0000000000008d60      0x1a0 Output/usbd_msc_pca10056 Release/Obj/main.o
                0x0000000000008d60                main
 .text.default_wait_func
                0x0000000000008f00        0x4 Output/usbd_msc_pca10056 Release/Obj/diskio_blkdev.o
 .text.block_dev_handler
                0x0000000000008f04       0x3c Output/usbd_msc_pca10056 Release/Obj/diskio_blkdev.o
 .text.nrf_blk_dev_geometry
                0x0000000000008f40       0x24 Output/usbd_msc_pca10056 Release/Obj/diskio_blkdev.o
 .text.nrf_blk_dev_ioctl.constprop.0
                0x0000000000008f64       0x2c Output/usbd_msc_pca10056 Release/Obj/diskio_blkdev.o
 .text.disk_initialize
                0x0000000000008f90       0xa0 Output/usbd_msc_pca10056 Release/Obj/diskio_blkdev.o
                0x0000000000008f90                disk_initialize
 .text.disk_uninitialize
                0x0000000000009030       0x98 Output/usbd_msc_pca10056 Release/Obj/diskio_blkdev.o
                0x0000000000009030                disk_uninitialize
 .text.disk_status
                0x00000000000090c8       0x3c Output/usbd_msc_pca10056 Release/Obj/diskio_blkdev.o
                0x00000000000090c8                disk_status
 .text.disk_read
                0x0000000000009104       0xc0 Output/usbd_msc_pca10056 Release/Obj/diskio_blkdev.o
                0x0000000000009104                disk_read
 .text.disk_write
                0x00000000000091c4       0xcc Output/usbd_msc_pca10056 Release/Obj/diskio_blkdev.o
                0x00000000000091c4                disk_write
 .text.disk_ioctl
                0x0000000000009290       0x9c Output/usbd_msc_pca10056 Release/Obj/diskio_blkdev.o
                0x0000000000009290                disk_ioctl
 .text.diskio_blockdev_register
                0x000000000000932c       0x28 Output/usbd_msc_pca10056 Release/Obj/diskio_blkdev.o
                0x000000000000932c                diskio_blockdev_register
 .text.ld_dword
                0x0000000000009354       0x10 Output/usbd_msc_pca10056 Release/Obj/ff.o
 .text.st_dword
                0x0000000000009364       0x10 Output/usbd_msc_pca10056 Release/Obj/ff.o
 .text.mem_set  0x0000000000009374        0xc Output/usbd_msc_pca10056 Release/Obj/ff.o
 .text.clust2sect
                0x0000000000009380       0x16 Output/usbd_msc_pca10056 Release/Obj/ff.o
 .text.get_ldnumber
                0x0000000000009396       0x30 Output/usbd_msc_pca10056 Release/Obj/ff.o
 .text.validate
                0x00000000000093c6       0x34 Output/usbd_msc_pca10056 Release/Obj/ff.o
 .text.mem_cpy.part.0
                0x00000000000093fa       0x12 Output/usbd_msc_pca10056 Release/Obj/ff.o
 .text.ld_clust.isra.1
                0x000000000000940c       0x1c Output/usbd_msc_pca10056 Release/Obj/ff.o
 .text.st_clust.isra.2
                0x0000000000009428       0x18 Output/usbd_msc_pca10056 Release/Obj/ff.o
 .text.get_fileinfo.part.3
                0x0000000000009440       0x56 Output/usbd_msc_pca10056 Release/Obj/ff.o
 .text.sync_window.part.4
                0x0000000000009496       0x4c Output/usbd_msc_pca10056 Release/Obj/ff.o
 .text.sync_window
                0x00000000000094e2        0xc Output/usbd_msc_pca10056 Release/Obj/ff.o
 .text.move_window
                0x00000000000094ee       0x3c Output/usbd_msc_pca10056 Release/Obj/ff.o
 *fill*         0x000000000000952a        0x2 
 .text.check_fs
                0x000000000000952c       0x7c Output/usbd_msc_pca10056 Release/Obj/ff.o
 .text.find_volume
                0x00000000000095a8      0x298 Output/usbd_msc_pca10056 Release/Obj/ff.o
 .text.put_fat  0x0000000000009840       0xf8 Output/usbd_msc_pca10056 Release/Obj/ff.o
 .text.get_fat.isra.8
                0x0000000000009938       0xb4 Output/usbd_msc_pca10056 Release/Obj/ff.o
 .text.create_chain
                0x00000000000099ec       0xb0 Output/usbd_msc_pca10056 Release/Obj/ff.o
 .text.remove_chain
                0x0000000000009a9c       0x6e Output/usbd_msc_pca10056 Release/Obj/ff.o
 .text.sync_fs  0x0000000000009b0a       0x96 Output/usbd_msc_pca10056 Release/Obj/ff.o
 .text.dir_sdi.constprop.12
                0x0000000000009ba0       0x64 Output/usbd_msc_pca10056 Release/Obj/ff.o
 .text.dir_next
                0x0000000000009c04       0xea Output/usbd_msc_pca10056 Release/Obj/ff.o
 *fill*         0x0000000000009cee        0x2 
 .text.follow_path
                0x0000000000009cf0      0x1a8 Output/usbd_msc_pca10056 Release/Obj/ff.o
 .text.dir_read.constprop.10
                0x0000000000009e98       0x54 Output/usbd_msc_pca10056 Release/Obj/ff.o
 .text.dir_register
                0x0000000000009eec       0x62 Output/usbd_msc_pca10056 Release/Obj/ff.o
 *fill*         0x0000000000009f4e        0x2 
 .text.f_mount  0x0000000000009f50       0x4c Output/usbd_msc_pca10056 Release/Obj/ff.o
                0x0000000000009f50                f_mount
 .text.f_open   0x0000000000009f9c      0x1c6 Output/usbd_msc_pca10056 Release/Obj/ff.o
                0x0000000000009f9c                f_open
 .text.f_sync   0x000000000000a162       0x8e Output/usbd_msc_pca10056 Release/Obj/ff.o
                0x000000000000a162                f_sync
 .text.f_close  0x000000000000a1f0       0x1a Output/usbd_msc_pca10056 Release/Obj/ff.o
                0x000000000000a1f0                f_close
 .text.f_opendir
                0x000000000000a20a       0x66 Output/usbd_msc_pca10056 Release/Obj/ff.o
                0x000000000000a20a                f_opendir
 .text.f_readdir
                0x000000000000a270       0x42 Output/usbd_msc_pca10056 Release/Obj/ff.o
                0x000000000000a270                f_readdir
 *fill*         0x000000000000a2b2        0x2 
 .text.f_mkfs   0x000000000000a2b4      0x57c Output/usbd_msc_pca10056 Release/Obj/ff.o
                0x000000000000a2b4                f_mkfs
 .text.errata_98
                0x000000000000a830       0x20 Output/usbd_msc_pca10056 Release/Obj/system_nrf52840.o
 .text.SystemInit
                0x000000000000a850      0x1b8 Output/usbd_msc_pca10056 Release/Obj/system_nrf52840.o
                0x000000000000a850                SystemInit
 .text.libc.__int64_udivmod
                0x000000000000aa08       0xce /usr/share/segger_embedded_studio_for_arm_4.20/lib/libc_v7em_fpv4_sp_d16_hard_t_le_eabi.a(libc_asm.o)
                0x000000000000aa08                __int64_udivmod
                0x000000000000aa08                __aeabi_uldivmod
                0x000000000000aa08                __int64_udiv
                0x000000000000aa08                __udivdi3
 *fill*         0x000000000000aad6        0x2 
 .text.libc.__RAL_ascii_isctype
                0x000000000000aad8       0x1c /usr/share/segger_embedded_studio_for_arm_4.20/lib/libc_v7em_fpv4_sp_d16_hard_t_le_eabi.a(libc2.o)
 .text.libc.__RAL_ascii_toupper
                0x000000000000aaf4        0xc /usr/share/segger_embedded_studio_for_arm_4.20/lib/libc_v7em_fpv4_sp_d16_hard_t_le_eabi.a(libc2.o)
 .text.libc.__RAL_ascii_tolower
                0x000000000000ab00        0xc /usr/share/segger_embedded_studio_for_arm_4.20/lib/libc_v7em_fpv4_sp_d16_hard_t_le_eabi.a(libc2.o)
 .text.libc.__RAL_ascii_iswctype
                0x000000000000ab0c       0x1c /usr/share/segger_embedded_studio_for_arm_4.20/lib/libc_v7em_fpv4_sp_d16_hard_t_le_eabi.a(libc2.o)
 .text.libc.__RAL_ascii_towupper
                0x000000000000ab28        0xc /usr/share/segger_embedded_studio_for_arm_4.20/lib/libc_v7em_fpv4_sp_d16_hard_t_le_eabi.a(libc2.o)
 .text.libc.__RAL_ascii_towlower
                0x000000000000ab34        0xc /usr/share/segger_embedded_studio_for_arm_4.20/lib/libc_v7em_fpv4_sp_d16_hard_t_le_eabi.a(libc2.o)
 .text.libc.__RAL_ascii_wctomb
                0x000000000000ab40        0xe /usr/share/segger_embedded_studio_for_arm_4.20/lib/libc_v7em_fpv4_sp_d16_hard_t_le_eabi.a(libc2.o)
                0x000000000000ab40                __RAL_ascii_wctomb
 .text.libc.__RAL_ascii_mbtowc
                0x000000000000ab4e       0x24 /usr/share/segger_embedded_studio_for_arm_4.20/lib/libc_v7em_fpv4_sp_d16_hard_t_le_eabi.a(libc2.o)
                0x000000000000ab4e                __RAL_ascii_mbtowc
 .text.libc.__putc
                0x000000000000ab72       0x34 /usr/share/segger_embedded_studio_for_arm_4.20/lib/libc_v7em_fpv4_sp_d16_hard_t_le_eabi.a(libc2.o)
                0x000000000000ab72                __putc
 .text.libc.__RAL_print_padding
                0x000000000000aba6       0x1c /usr/share/segger_embedded_studio_for_arm_4.20/lib/libc_v7em_fpv4_sp_d16_hard_t_le_eabi.a(libc2.o)
                0x000000000000aba6                __RAL_print_padding
 .text.libc.__RAL_pre_padding
                0x000000000000abc2       0x1c /usr/share/segger_embedded_studio_for_arm_4.20/lib/libc_v7em_fpv4_sp_d16_hard_t_le_eabi.a(libc2.o)
                0x000000000000abc2                __RAL_pre_padding
 *fill*         0x000000000000abde        0x2 
 .text.libc.__RAL_isctype
                0x000000000000abe0       0x14 /usr/share/segger_embedded_studio_for_arm_4.20/lib/libc_v7em_fpv4_sp_d16_hard_t_le_eabi.a(libc2.o)
                0x000000000000abe0                __RAL_isctype
 .text.libc.isxdigit
                0x000000000000abf4        0xa /usr/share/segger_embedded_studio_for_arm_4.20/lib/libc_v7em_fpv4_sp_d16_hard_t_le_eabi.a(libc2.o)
                0x000000000000abf4                isxdigit
 .text.libc.isprint
                0x000000000000abfe        0xa /usr/share/segger_embedded_studio_for_arm_4.20/lib/libc_v7em_fpv4_sp_d16_hard_t_le_eabi.a(libc2.o)
                0x000000000000abfe                isprint
 .text.libc.memcmp
                0x000000000000ac08       0x76 /usr/share/segger_embedded_studio_for_arm_4.20/lib/libc_v7em_fpv4_sp_d16_hard_t_le_eabi.a(libc2.o)
                0x000000000000ac08                memcmp
 *fill*         0x000000000000ac7e        0x2 
 .text.libc.rand
                0x000000000000ac80       0x20 /usr/share/segger_embedded_studio_for_arm_4.20/lib/libc_v7em_fpv4_sp_d16_hard_t_le_eabi.a(libc2.o)
                0x000000000000ac80                rand
 .text.libc.snprintf
                0x000000000000aca0       0x28 /usr/share/segger_embedded_studio_for_arm_4.20/lib/libc_v7em_fpv4_sp_d16_hard_t_le_eabi.a(libc2.o)
                0x000000000000aca0                snprintf
 .text.libc.strncpy
                0x000000000000acc8       0x38 /usr/share/segger_embedded_studio_for_arm_4.20/lib/libc_v7em_fpv4_sp_d16_hard_t_le_eabi.a(libc2.o)
                0x000000000000acc8                strncpy
 .text.libc.strnlen
                0x000000000000ad00       0x22 /usr/share/segger_embedded_studio_for_arm_4.20/lib/libc_v7em_fpv4_sp_d16_hard_t_le_eabi.a(libc2.o)
                0x000000000000ad00                strnlen
 .text.libc.memcpy
                0x000000000000ad22       0x52 /usr/share/segger_embedded_studio_for_arm_4.20/lib/libc_v7em_fpv4_sp_d16_hard_t_le_eabi.a(libc2_asm.o)
                0x000000000000ad22                memcpy
                0x000000000000ad22                __aeabi_memcpy
                0x000000000000ad2e                __aeabi_memcpy4
                0x000000000000ad2e                __aeabi_memcpy8
 .text.libc.memset
                0x000000000000ad74       0x66 /usr/share/segger_embedded_studio_for_arm_4.20/lib/libc_v7em_fpv4_sp_d16_hard_t_le_eabi.a(libc2_asm.o)
                0x000000000000ad74                memset
 .text.libc.strlen
                0x000000000000adda       0x60 /usr/share/segger_embedded_studio_for_arm_4.20/lib/libc_v7em_fpv4_sp_d16_hard_t_le_eabi.a(libc2_asm.o)
                0x000000000000adda                strlen
 *fill*         0x000000000000ae3a        0x2 
 .text.libc.__vfprintf_long
                0x000000000000ae3c      0x744 /usr/share/segger_embedded_studio_for_arm_4.20/lib/libvfprintf_v7em_fpv4_sp_d16_hard_t_le_eabi.o
                0x000000000000ae3c                __vfprintf_long
                0x000000000000b580                __text_end__ = (__text_start__ + SIZEOF (.text))
                0x000000000000b1ac                __text_size__ = SIZEOF (.text)
                0x000000000000b580                __text_load_end__ = __text_end__

.vfp11_veneer   0x0000000100000000        0x0
 .vfp11_veneer  0x0000000100000000        0x0 linker stubs

.v4_bx          0x0000000100000000        0x0
 .v4_bx         0x0000000100000000        0x0 linker stubs

.iplt           0x0000000100000000        0x0
 .iplt          0x0000000100000000        0x0 Output/usbd_msc_pca10056 Release/Obj/thumb_crt0.o
                0x0000000000000001                . = ASSERT (((__text_start__ == __text_end__) || ((__text_end__ - __FLASH_segment_start__) <= __FLASH_segment_size__)), error: .text is too large to fit in FLASH memory segment)
                0x000000000000b580                __log_const_data_load_start__ = ALIGN (__text_end__, 0x4)

.log_const_data
                0x000000000000b580       0x68
                0x000000000000b580                __log_const_data_start__ = .
                0x000000000000b580                __start_log_const_data = __log_const_data_start__
 *(SORT_BY_NAME(.log_const_data*))
 .log_const_data_CLOCK
                0x000000000000b580        0x8 Output/usbd_msc_pca10056 Release/Obj/nrfx_clock.o
                0x000000000000b580                m_nrf_log_CLOCK_logs_data_const
 .log_const_data_GPIOTE
                0x000000000000b588        0x8 Output/usbd_msc_pca10056 Release/Obj/nrfx_gpiote.o
                0x000000000000b588                m_nrf_log_GPIOTE_logs_data_const
 .log_const_data_PRS
                0x000000000000b590        0x8 Output/usbd_msc_pca10056 Release/Obj/nrfx_prs.o
                0x000000000000b590                m_nrf_log_PRS_logs_data_const
 .log_const_data_SPIM
                0x000000000000b598        0x8 Output/usbd_msc_pca10056 Release/Obj/nrfx_spim.o
                0x000000000000b598                m_nrf_log_SPIM_logs_data_const
 .log_const_data_UART
                0x000000000000b5a0        0x8 Output/usbd_msc_pca10056 Release/Obj/nrfx_uart.o
                0x000000000000b5a0                m_nrf_log_UART_logs_data_const
 .log_const_data_UARTE
                0x000000000000b5a8        0x8 Output/usbd_msc_pca10056 Release/Obj/nrfx_uarte.o
                0x000000000000b5a8                m_nrf_log_UARTE_logs_data_const
 .log_const_data_USBD
                0x000000000000b5b0        0x8 Output/usbd_msc_pca10056 Release/Obj/nrfx_usbd.o
                0x000000000000b5b0                m_nrf_log_USBD_logs_data_const
 .log_const_data_app
                0x000000000000b5b8        0x8 Output/usbd_msc_pca10056 Release/Obj/nrf_log_frontend.o
                0x000000000000b5b8                m_nrf_log_app_logs_data_const
 .log_const_data_app_usbd
                0x000000000000b5c0        0x8 Output/usbd_msc_pca10056 Release/Obj/app_usbd.o
                0x000000000000b5c0                m_nrf_log_app_usbd_logs_data_const
 .log_const_data_app_usbd_core
                0x000000000000b5c8        0x8 Output/usbd_msc_pca10056 Release/Obj/app_usbd_core.o
                0x000000000000b5c8                m_nrf_log_app_usbd_core_logs_data_const
 .log_const_data_clock
                0x000000000000b5d0        0x8 Output/usbd_msc_pca10056 Release/Obj/nrf_drv_clock.o
                0x000000000000b5d0                m_nrf_log_clock_logs_data_const
 .log_const_data_hardfault
                0x000000000000b5d8        0x8 Output/usbd_msc_pca10056 Release/Obj/hardfault_implementation.o
                0x000000000000b5d8                m_nrf_log_hardfault_logs_data_const
 .log_const_data_usbd_msc
                0x000000000000b5e0        0x8 Output/usbd_msc_pca10056 Release/Obj/app_usbd_msc.o
                0x000000000000b5e0                m_nrf_log_usbd_msc_logs_data_const
                0x000000000000b5e8                __log_const_data_end__ = (__log_const_data_start__ + SIZEOF (.log_const_data))
                0x0000000000000068                __log_const_data_size__ = SIZEOF (.log_const_data)
                0x000000000000b5e8                __stop_log_const_data = __log_const_data_end__
                0x000000000000b5e8                __log_const_data_load_end__ = __log_const_data_end__
                0x0000000000000001                . = ASSERT (((__log_const_data_start__ == __log_const_data_end__) || ((__log_const_data_end__ - __FLASH_segment_start__) <= __FLASH_segment_size__)), error: .log_const_data is too large to fit in FLASH memory segment)
                0x000000000000b5e8                __log_backends_load_start__ = ALIGN (__log_const_data_end__, 0x4)

.log_backends   0x000000000000b5e8       0x10
                0x000000000000b5e8                __log_backends_start__ = .
                0x000000000000b5e8                __start_log_backends = __log_backends_start__
 *(SORT_BY_NAME(.log_backends*))
 .log_backends  0x000000000000b5e8       0x10 Output/usbd_msc_pca10056 Release/Obj/nrf_log_default_backends.o
                0x000000000000b5f8                __log_backends_end__ = (__log_backends_start__ + SIZEOF (.log_backends))
                0x0000000000000010                __log_backends_size__ = SIZEOF (.log_backends)
                0x000000000000b5f8                __stop_log_backends = __log_backends_end__
                0x000000000000b5f8                __log_backends_load_end__ = __log_backends_end__
                0x0000000000000001                . = ASSERT (((__log_backends_start__ == __log_backends_end__) || ((__log_backends_end__ - __FLASH_segment_start__) <= __FLASH_segment_size__)), error: .log_backends is too large to fit in FLASH memory segment)
                0x000000000000b5f8                __nrf_balloc_load_start__ = ALIGN (__log_backends_end__, 0x4)

.nrf_balloc     0x000000000000b5f8       0x14
                0x000000000000b5f8                __nrf_balloc_start__ = .
                0x000000000000b5f8                __start_nrf_balloc = __nrf_balloc_start__
 *(.nrf_balloc*)
 .nrf_balloc    0x000000000000b5f8       0x14 Output/usbd_msc_pca10056 Release/Obj/nrf_log_frontend.o
                0x000000000000b5f8                log_mempool
                0x000000000000b60c                __nrf_balloc_end__ = (__nrf_balloc_start__ + SIZEOF (.nrf_balloc))
                0x0000000000000014                __nrf_balloc_size__ = SIZEOF (.nrf_balloc)
                0x000000000000b60c                __stop_nrf_balloc = __nrf_balloc_end__
                0x000000000000b60c                __nrf_balloc_load_end__ = __nrf_balloc_end__
                0x0000000000000001                . = ASSERT (((__nrf_balloc_start__ == __nrf_balloc_end__) || ((__nrf_balloc_end__ - __FLASH_segment_start__) <= __FLASH_segment_size__)), error: .nrf_balloc is too large to fit in FLASH memory segment)
                0x000000000000b60c                __nrf_sections_load_start__ = ALIGN (__nrf_balloc_end__, 0x4)

.nrf_sections   0x000000000000b60c        0x0
                0x000000000000b60c                __nrf_sections_start__ = .
                0x000000000000b60c                __start_nrf_sections = __nrf_sections_start__
 *(.nrf_sections .nrf_sections.*)
                0x000000000000b60c                __nrf_sections_end__ = (__nrf_sections_start__ + SIZEOF (.nrf_sections))
                0x0000000000000000                __nrf_sections_size__ = SIZEOF (.nrf_sections)
                0x000000000000b60c                __nrf_sections_load_end__ = __nrf_sections_end__
                0x0000000000000001                . = ASSERT (((__nrf_sections_start__ == __nrf_sections_end__) || ((__nrf_sections_end__ - __FLASH_segment_start__) <= __FLASH_segment_size__)), error: .nrf_sections is too large to fit in FLASH memory segment)
                0x000000000000b60c                __log_dynamic_data_load_start__ = ALIGN (__nrf_sections_end__, 0x4)

.log_dynamic_data
                0x0000000020000000        0x0 load address 0x000000000000b60c
                0x0000000020000000                __log_dynamic_data_start__ = .
 *(SORT_BY_NAME(.log_dynamic_data*))
                0x0000000020000000                __log_dynamic_data_end__ = (__log_dynamic_data_start__ + SIZEOF (.log_dynamic_data))
                0x0000000000000000                __log_dynamic_data_size__ = SIZEOF (.log_dynamic_data)
                0x000000000000b60c                __log_dynamic_data_load_end__ = (__log_dynamic_data_load_start__ + SIZEOF (.log_dynamic_data))
                0x0000000000000001                . = ASSERT (((__log_dynamic_data_load_start__ == __log_dynamic_data_load_end__) || ((__log_dynamic_data_load_end__ - __FLASH_segment_start__) <= __FLASH_segment_size__)), error: .log_dynamic_data is too large to fit in FLASH memory segment)

.log_dynamic_data_run
                0x0000000020000000        0x0
                0x0000000020000000                __log_dynamic_data_run_start__ = .
                0x0000000020000000                __start_log_dynamic_data = __log_dynamic_data_run_start__
                0x0000000020000000                . = MAX ((__log_dynamic_data_run_start__ + SIZEOF (.log_dynamic_data)), .)
                0x0000000020000000                __log_dynamic_data_run_end__ = (__log_dynamic_data_run_start__ + SIZEOF (.log_dynamic_data_run))
                0x0000000000000000                __log_dynamic_data_run_size__ = SIZEOF (.log_dynamic_data_run)
                0x0000000020000000                __stop_log_dynamic_data = __log_dynamic_data_run_end__
                0x0000000020000000                __log_dynamic_data_run_load_end__ = __log_dynamic_data_run_end__
                0x0000000000000001                . = ASSERT (((__log_dynamic_data_run_start__ == __log_dynamic_data_run_end__) || ((__log_dynamic_data_run_end__ - __RAM_segment_start__) <= __RAM_segment_size__)), error: .log_dynamic_data_run is too large to fit in RAM memory segment)
                0x000000000000b60c                __log_filter_data_load_start__ = ALIGN ((__log_dynamic_data_load_start__ + SIZEOF (.log_dynamic_data)), 0x4)

.log_filter_data
                0x0000000020000000        0x0 load address 0x000000000000b60c
                0x0000000020000000                __log_filter_data_start__ = .
 *(SORT_BY_NAME(.log_filter_data*))
                0x0000000020000000                __log_filter_data_end__ = (__log_filter_data_start__ + SIZEOF (.log_filter_data))
                0x0000000000000000                __log_filter_data_size__ = SIZEOF (.log_filter_data)
                0x000000000000b60c                __log_filter_data_load_end__ = (__log_filter_data_load_start__ + SIZEOF (.log_filter_data))
                0x0000000000000001                . = ASSERT (((__log_filter_data_load_start__ == __log_filter_data_load_end__) || ((__log_filter_data_load_end__ - __FLASH_segment_start__) <= __FLASH_segment_size__)), error: .log_filter_data is too large to fit in FLASH memory segment)

.log_filter_data_run
                0x0000000020000000        0x0
                0x0000000020000000                __log_filter_data_run_start__ = .
                0x0000000020000000                __start_log_filter_data = __log_filter_data_run_start__